Component: ARM Compiler 5.06 update 7 (build 960) Tool: armlink [4d3601]

==============================================================================

Section Cross References

    startup_stm32l432xx.o(RESET) refers to startup_stm32l432xx.o(STACK) for __initial_sp
    startup_stm32l432xx.o(RESET) refers to startup_stm32l432xx.o(.text) for Reset_Handler
    startup_stm32l432xx.o(RESET) refers to stm32l4xx_it.o(i.NMI_Handler) for NMI_Handler
    startup_stm32l432xx.o(RESET) refers to stm32l4xx_it.o(i.HardFault_Handler) for HardFault_Handler
    startup_stm32l432xx.o(RESET) refers to stm32l4xx_it.o(i.MemManage_Handler) for MemManage_Handler
    startup_stm32l432xx.o(RESET) refers to stm32l4xx_it.o(i.BusFault_Handler) for BusFault_Handler
    startup_stm32l432xx.o(RESET) refers to stm32l4xx_it.o(i.UsageFault_Handler) for UsageFault_Handler
    startup_stm32l432xx.o(RESET) refers to stm32l4xx_it.o(i.SVC_Handler) for SVC_Handler
    startup_stm32l432xx.o(RESET) refers to stm32l4xx_it.o(i.DebugMon_Handler) for DebugMon_Handler
    startup_stm32l432xx.o(RESET) refers to stm32l4xx_it.o(i.PendSV_Handler) for PendSV_Handler
    startup_stm32l432xx.o(RESET) refers to stm32l4xx_it.o(i.SysTick_Handler) for SysTick_Handler
    startup_stm32l432xx.o(RESET) refers to stm32l4xx_it.o(i.USB_IRQHandler) for USB_IRQHandler
    startup_stm32l432xx.o(.text) refers to system_stm32l4xx.o(i.SystemInit) for SystemInit
    startup_stm32l432xx.o(.text) refers to entry.o(.ARM.Collect$$$$00000000) for __main
    main.o(i.SystemClock_Config) refers to memseta.o(.text) for __aeabi_memclr4
    main.o(i.SystemClock_Config) refers to stm32l4xx_hal_rcc.o(i.HAL_RCC_OscConfig) for HAL_RCC_OscConfig
    main.o(i.SystemClock_Config) refers to stm32l4xx_hal_rcc.o(i.HAL_RCC_ClockConfig) for HAL_RCC_ClockConfig
    main.o(i.SystemClock_Config) refers to stm32l4xx_hal_rcc_ex.o(i.HAL_RCCEx_PeriphCLKConfig) for HAL_RCCEx_PeriphCLKConfig
    main.o(i.SystemClock_Config) refers to stm32l4xx_hal_pwr_ex.o(i.HAL_PWREx_ControlVoltageScaling) for HAL_PWREx_ControlVoltageScaling
    main.o(i.closeCommandPrompt) refers to main.o(i.keyboard_send_str) for keyboard_send_str
    main.o(i.closeCommandPrompt) refers to stm32l4xx_hal.o(i.HAL_Delay) for HAL_Delay
    main.o(i.closeCommandPrompt) refers to main.o(i.keyboard_send_ch) for keyboard_send_ch
    main.o(i.keyboard_send_ch) refers to usbd_hid.o(i.USBD_HID_SendReport) for USBD_HID_SendReport
    main.o(i.keyboard_send_ch) refers to stm32l4xx_hal.o(i.HAL_Delay) for HAL_Delay
    main.o(i.keyboard_send_ch) refers to main.o(.data) for .data
    main.o(i.keyboard_send_ch) refers to main.o(.constdata) for .constdata
    main.o(i.keyboard_send_ch) refers to main.o(.bss) for .bss
    main.o(i.keyboard_send_str) refers to main.o(i.keyboard_send_ch) for keyboard_send_ch
    main.o(i.keyboard_send_str) refers to stm32l4xx_hal.o(i.HAL_Delay) for HAL_Delay
    main.o(i.keyboard_send_str) refers to strlen.o(.text) for strlen
    main.o(i.main) refers to stm32l4xx_hal.o(i.HAL_Init) for HAL_Init
    main.o(i.main) refers to main.o(i.SystemClock_Config) for SystemClock_Config
    main.o(i.main) refers to gpio.o(i.MX_GPIO_Init) for MX_GPIO_Init
    main.o(i.main) refers to fatfs.o(i.MX_FATFS_Init) for MX_FATFS_Init
    main.o(i.main) refers to usb_device.o(i.MX_USB_DEVICE_Init) for MX_USB_DEVICE_Init
    main.o(i.main) refers to stm32l4xx_hal.o(i.HAL_Delay) for HAL_Delay
    main.o(i.main) refers to main.o(i.openCommandPrompt) for openCommandPrompt
    main.o(i.main) refers to main.o(i.keyboard_send_str) for keyboard_send_str
    main.o(i.main) refers to main.o(i.closeCommandPrompt) for closeCommandPrompt
    main.o(i.main) refers to main.o(.data) for .data
    main.o(i.main) refers to main.o(.constdata) for .constdata
    main.o(i.openCommandPrompt) refers to main.o(i.keyboard_send_ch) for keyboard_send_ch
    main.o(i.openCommandPrompt) refers to stm32l4xx_hal.o(i.HAL_Delay) for HAL_Delay
    main.o(i.openCommandPrompt) refers to main.o(i.keyboard_send_str) for keyboard_send_str
    stm32l4xx_it.o(i.SysTick_Handler) refers to stm32l4xx_hal.o(i.HAL_IncTick) for HAL_IncTick
    stm32l4xx_it.o(i.USB_IRQHandler) refers to stm32l4xx_hal_pcd.o(i.HAL_PCD_IRQHandler) for HAL_PCD_IRQHandler
    stm32l4xx_it.o(i.USB_IRQHandler) refers to usbd_conf.o(.bss) for hpcd_USB_FS
    stm32l4xx_hal_pcd.o(i.HAL_PCD_ActivateRemoteWakeup) refers to stm32l4xx_ll_usb.o(i.USB_ActivateRemoteWakeup) for USB_ActivateRemoteWakeup
    stm32l4xx_hal_pcd.o(i.HAL_PCD_DeActivateRemoteWakeup) refers to stm32l4xx_ll_usb.o(i.USB_DeActivateRemoteWakeup) for USB_DeActivateRemoteWakeup
    stm32l4xx_hal_pcd.o(i.HAL_PCD_DeInit) refers to stm32l4xx_ll_usb.o(i.USB_StopDevice) for USB_StopDevice
    stm32l4xx_hal_pcd.o(i.HAL_PCD_DeInit) refers to usbd_conf.o(i.HAL_PCD_MspDeInit) for HAL_PCD_MspDeInit
    stm32l4xx_hal_pcd.o(i.HAL_PCD_DevConnect) refers to stm32l4xx_ll_usb.o(i.USB_DevConnect) for USB_DevConnect
[...]
    Removing ff.o(i.f_write), (404 bytes).
    Removing ff.o(i.find_volume), (596 bytes).
    Removing ff.o(i.follow_path), (116 bytes).
    Removing ff.o(i.get_fat), (190 bytes).
    Removing ff.o(i.get_fileinfo), (98 bytes).
    Removing ff.o(i.get_ldnumber), (60 bytes).
    Removing ff.o(i.inc_lock), (128 bytes).
    Removing ff.o(i.ld_clust), (38 bytes).
    Removing ff.o(i.ld_dword), (22 bytes).
    Removing ff.o(i.ld_word), (10 bytes).
    Removing ff.o(i.mem_cpy), (18 bytes).
    Removing ff.o(i.mem_set), (14 bytes).
    Removing ff.o(i.move_window), (50 bytes).
    Removing ff.o(i.put_fat), (234 bytes).
    Removing ff.o(i.putc_bfd), (70 bytes).
    Removing ff.o(i.putc_flush), (42 bytes).
    Removing ff.o(i.remove_chain), (116 bytes).
    Removing ff.o(i.st_clust), (40 bytes).
    Removing ff.o(i.st_dword), (16 bytes).
    Removing ff.o(i.st_word), (8 bytes).
    Removing ff.o(i.sync_fs), (136 bytes).
    Removing ff.o(i.sync_window), (82 bytes).
    Removing ff.o(i.validate), (52 bytes).
    Removing ff.o(.bss), (32 bytes).
    Removing ff.o(.constdata), (156 bytes).
    Removing ff.o(.data), (8 bytes).
    Removing ff_gen_drv.o(.rev16_text), (4 bytes).
    Removing ff_gen_drv.o(.revsh_text), (4 bytes).
    Removing ff_gen_drv.o(.rrx_text), (6 bytes).
    Removing ff_gen_drv.o(i.FATFS_GetAttachedDriversNbr), (12 bytes).
    Removing ff_gen_drv.o(i.FATFS_UnLinkDriver), (6 bytes).
    Removing ff_gen_drv.o(i.FATFS_UnLinkDriverEx), (52 bytes).
    Removing syscall.o(.rev16_text), (4 bytes).
    Removing syscall.o(.revsh_text), (4 bytes).
    Removing syscall.o(.rrx_text), (6 bytes).
    Removing flash.o(.rev16_text), (4 bytes).
    Removing flash.o(.revsh_text), (4 bytes).
    Removing flash.o(.rrx_text), (6 bytes).
    Removing flash.o(i._Z10flash_readPh), (96 bytes).
    Removing flash.o(i._Z11flash_writePh), (96 bytes).
    Removing flash.o(.ARM.exidx), (8 bytes).
    Removing flash.o(.ARM.exidx), (8 bytes).
    Removing flash.o(.bss), (2240 bytes).
    Removing flash.o(.data), (8 bytes).
    Removing usb_device.o(.rev16_text), (4 bytes).
    Removing usb_device.o(.revsh_text), (4 bytes).
    Removing usb_device.o(.rrx_text), (6 bytes).
    Removing usbd_desc.o(.rev16_text), (4 bytes).
    Removing usbd_desc.o(.revsh_text), (4 bytes).
    Removing usbd_desc.o(.rrx_text), (6 bytes).
    Removing usbd_conf.o(.rev16_text), (4 bytes).
    Removing usbd_conf.o(.revsh_text), (4 bytes).
    Removing usbd_conf.o(.rrx_text), (6 bytes).
    Removing usbd_conf.o(i.HAL_PCD_ConnectCallback), (8 bytes).
    Removing usbd_conf.o(i.HAL_PCD_DisconnectCallback), (8 bytes).
    Removing usbd_conf.o(i.HAL_PCD_ISOINIncompleteCallback), (8 bytes).
    Removing usbd_conf.o(i.HAL_PCD_ISOOUTIncompleteCallback), (8 bytes).
    Removing usbd_conf.o(i.HAL_PCD_MspDeInit), (36 bytes).
    Removing usbd_conf.o(i.USBD_LL_DeInit), (32 bytes).
    Removing usbd_conf.o(i.USBD_LL_Delay), (4 bytes).
    Removing usbd_conf.o(i.USBD_LL_FlushEP), (32 bytes).
    Removing usbd_conf.o(i.USBD_LL_GetRxDataSize), (8 bytes).
    Removing usbd_conf.o(i.USBD_LL_Stop), (32 bytes).
    Removing usbd_conf.o(i.USBD_static_free), (2 bytes).
    Removing usbd_conf.o(i.USBD_static_malloc), (8 bytes).
    Removing usbd_core.o(.rev16_text), (4 bytes).
    Removing usbd_core.o(.revsh_text), (4 bytes).
    Removing usbd_core.o(.rrx_text), (6 bytes).
    Removing usbd_core.o(i.USBD_DeInit), (56 bytes).
    Removing usbd_core.o(i.USBD_LL_DevConnected), (4 bytes).
    Removing usbd_core.o(i.USBD_LL_DevDisconnected), (24 bytes).
    Removing usbd_core.o(i.USBD_LL_IsoINIncomplete), (4 bytes).
    Removing usbd_core.o(i.USBD_LL_IsoOUTIncomplete), (4 bytes).
    Removing usbd_core.o(i.USBD_RunTestMode), (4 bytes).
    Removing usbd_core.o(i.USBD_Stop), (26 bytes).
    Removing usbd_ctlreq.o(.rev16_text), (4 bytes).
    Removing usbd_ctlreq.o(.revsh_text), (4 bytes).
    Removing usbd_ctlreq.o(.rrx_text), (6 bytes).
    Removing usbd_ioreq.o(.rev16_text), (4 bytes).
    Removing usbd_ioreq.o(.revsh_text), (4 bytes).
    Removing usbd_ioreq.o(.rrx_text), (6 bytes).
    Removing usbd_ioreq.o(i.USBD_CtlPrepareRx), (30 bytes).
    Removing usbd_ioreq.o(i.USBD_GetRxCount), (4 bytes).
    Removing usbd_hid.o(.rev16_text), (4 bytes).
    Removing usbd_hid.o(.revsh_text), (4 bytes).
    Removing usbd_hid.o(.rrx_text), (6 bytes).
    Removing usbd_hid.o(i.USBD_HID_GetPollingInterval), (12 bytes).

523 unused section(s) (total 36803 bytes) removed from the image.

==============================================================================

Image Symbol Table

    Local Symbols

    Symbol Name                              Value     Ov Type        Size  Object(Section)

    ../Core/Src/gpio.c                       0x00000000   Number         0  gpio.o ABSOLUTE
    ../Core/Src/main.c                       0x00000000   Number         0  main.o ABSOLUTE
    ../Core/Src/stm32l4xx_hal_msp.c          0x00000000   Number         0  stm32l4xx_hal_msp.o ABSOLUTE
    ../Core/Src/stm32l4xx_it.c               0x00000000   Number         0  stm32l4xx_it.o ABSOLUTE
    ../Core/Src/system_stm32l4xx.c           0x00000000   Number         0  system_stm32l4xx.o ABSOLUTE
    ../Drivers/STM32L4xx_HAL_Driver/Src/stm32l4xx_hal.c 0x00000000   Number         0  stm32l4xx_hal.o ABSOLUTE
    ../Drivers/STM32L4xx_HAL_Driver/Src/stm32l4xx_hal_cortex.c 0x00000000   Number         0  stm32l4xx_hal_cortex.o ABSOLUTE
    ../Drivers/STM32L4xx_HAL_Driver/Src/stm32l4xx_hal_dma.c 0x00000000   Number         0  stm32l4xx_hal_dma.o ABSOLUTE
    ../Drivers/STM32L4xx_HAL_Driver/Src/stm32l4xx_hal_dma_ex.c 0x00000000   Number         0  stm32l4xx_hal_dma_ex.o ABSOLUTE
    ../Drivers/STM32L4xx_HAL_Driver/Src/stm32l4xx_hal_exti.c 0x00000000   Number         0  stm32l4xx_hal_exti.o ABSOLUTE
    ../Drivers/STM32L4xx_HAL_Driver/Src/stm32l4xx_hal_flash.c 0x00000000   Number         0  stm32l4xx_hal_flash.o ABSOLUTE
    ../Drivers/STM32L4xx_HAL_Driver/Src/stm32l4xx_hal_flash_ex.c 0x00000000   Number         0  stm32l4xx_hal_flash_ex.o ABSOLUTE
    ../Drivers/STM32L4xx_HAL_Driver/Src/stm32l4xx_hal_flash_ramfunc.c 0x00000000   Number         0  stm32l4xx_hal_flash_ramfunc.o ABSOLUTE
    ../Drivers/STM32L4xx_HAL_Driver/Src/stm32l4xx_hal_gpio.c 0x00000000   Number         0  stm32l4xx_hal_gpio.o ABSOLUTE
    ../Drivers/STM32L4xx_HAL_Driver/Src/stm32l4xx_hal_i2c.c 0x00000000   Number         0  stm32l4xx_hal_i2c.o ABSOLUTE
    ../Drivers/STM32L4xx_HAL_Driver/Src/stm32l4xx_hal_i2c_ex.c 0x00000000   Number         0  stm32l4xx_hal_i2c_ex.o ABSOLUTE
    ../Drivers/STM32L4xx_HAL_Driver/Src/stm32l4xx_hal_pcd.c 0x00000000   Number         0  stm32l4xx_hal_pcd.o ABSOLUTE
    ../Drivers/STM32L4xx_HAL_Driver/Src/stm32l4xx_hal_pcd_ex.c 0x00000000   Number         0  stm32l4xx_hal_pcd_ex.o ABSOLUTE
    ../Drivers/STM32L4xx_HAL_Driver/Src/stm32l4xx_hal_pwr.c 0x00000000   Number         0  stm32l4xx_hal_pwr.o ABSOLUTE
    ../Drivers/STM32L4xx_HAL_Driver/Src/stm32l4xx_hal_pwr_ex.c 0x00000000   Number         0  stm32l4xx_hal_pwr_ex.o ABSOLUTE
    ../Drivers/STM32L4xx_HAL_Driver/Src/stm32l4xx_hal_rcc.c 0x00000000   Number         0  stm32l4xx_hal_rcc.o ABSOLUTE
    ../Drivers/STM32L4xx_HAL_Driver/Src/stm32l4xx_hal_rcc_ex.c 0x00000000   Number         0  stm32l4xx_hal_rcc_ex.o ABSOLUTE
    ../Drivers/STM32L4xx_HAL_Driver/Src/stm32l4xx_hal_tim.c 0x00000000   Number         0  stm32l4xx_hal_tim.o ABSOLUTE
    ../Drivers/STM32L4xx_HAL_Driver/Src/stm32l4xx_hal_tim_ex.c 0x00000000   Number         0  stm32l4xx_hal_tim_ex.o ABSOLUTE
    ../Drivers/STM32L4xx_HAL_Driver/Src/stm32l4xx_ll_usb.c 0x00000000   Number         0  stm32l4xx_ll_usb.o ABSOLUTE
    ../FATFS/App/fatfs.c                     0x00000000   Number         0  fatfs.o ABSOLUTE
    ../FATFS/Target/user_diskio.c            0x00000000   Number         0  user_diskio.o ABSOLUTE
    ../Middlewares/ST/STM32_USB_Device_Library/Class/HID/Src/usbd_hid.c 0x00000000   Number         0  usbd_hid.o ABSOLUTE
    ../Middlewares/ST/STM32_USB_Device_Library/Core/Src/usbd_core.c 0x00000000   Number         0  usbd_core.o ABSOLUTE
    ../Middlewares/ST/STM32_USB_Device_Library/Core/Src/usbd_ctlreq.c 0x00000000   Number         0  usbd_ctlreq.o ABSOLUTE
    ../Middlewares/ST/STM32_USB_Device_Library/Core/Src/usbd_ioreq.c 0x00000000   Number         0  usbd_ioreq.o ABSOLUTE
    ../Middlewares/Third_Party/FatFs/src/diskio.c 0x00000000   Number         0  diskio.o ABSOLUTE
    ../Middlewares/Third_Party/FatFs/src/ff.c 0x00000000   Number         0  ff.o ABSOLUTE
    ../Middlewares/Third_Party/FatFs/src/ff_gen_drv.c 0x00000000   Number         0  ff_gen_drv.o ABSOLUTE
    ../Middlewares/Third_Party/FatFs/src/option/syscall.c 0x00000000   Number         0  syscall.o ABSOLUTE
    ../USB_DEVICE/App/usb_device.c           0x00000000   Number         0  usb_device.o ABSOLUTE
    ../USB_DEVICE/App/usbd_desc.c            0x00000000   Number         0  usbd_desc.o ABSOLUTE
    ../USB_DEVICE/Target/usbd_conf.c         0x00000000   Number         0  usbd_conf.o ABSOLUTE
    ../clib/../cmprslib/zerorunl2.c          0x00000000   Number         0  __dczerorl2.o ABSOLUTE
    ../clib/microlib/init/entry.s            0x00000000   Number         0  entry7b.o ABSOLUTE
    ../clib/microlib/init/entry.s            0x00000000   Number         0  entry12b.o ABSOLUTE
    ../clib/microlib/init/entry.s            0x00000000   Number         0  entry12a.o ABSOLUTE
    ../clib/microlib/init/entry.s            0x00000000   Number         0  entry11b.o ABSOLUTE
    ../clib/microlib/init/entry.s            0x00000000   Number         0  entry11a.o ABSOLUTE
    ../clib/microlib/init/entry.s            0x00000000   Number         0  entry8a.o ABSOLUTE
    ../clib/microlib/init/entry.s            0x00000000   Number         0  entry8b.o ABSOLUTE
    ../clib/microlib/init/entry.s            0x00000000   Number         0  entry10b.o ABSOLUTE
    ../clib/microlib/init/entry.s            0x00000000   Number         0  entry9a.o ABSOLUTE
    ../clib/microlib/init/entry.s            0x00000000   Number         0  entry10a.o ABSOLUTE
    ../clib/microlib/init/entry.s            0x00000000   Number         0  entry9b.o ABSOLUTE
    ../clib/microlib/init/entry.s            0x00000000   Number         0  entry5.o ABSOLUTE
    ../clib/microlib/init/entry.s            0x00000000   Number         0  entry7a.o ABSOLUTE
    ../clib/microlib/init/entry.s            0x00000000   Number         0  entry2.o ABSOLUTE
    ../clib/microlib/init/entry.s            0x00000000   Number         0  entry.o ABSOLUTE
    ../clib/microlib/malloc/malloc.c         0x00000000   Number         0  mallocra.o ABSOLUTE
    ../clib/microlib/malloc/malloc.c         0x00000000   Number         0  mallocr.o ABSOLUTE
    ../clib/microlib/malloc/malloc.c         0x00000000   Number         0  malloc.o ABSOLUTE
    ../clib/microlib/malloc/malloc.c         0x00000000   Number         0  malloca.o ABSOLUTE
    ../clib/microlib/malloc/mvars.c          0x00000000   Number         0  mvars.o ABSOLUTE
    ../clib/microlib/string/memcpy.c         0x00000000   Number         0  memcpyb.o ABSOLUTE
    ../clib/microlib/string/memcpy.c         0x00000000   Number         0  memcpya.o ABSOLUTE
    ../clib/microlib/string/memset.c         0x00000000   Number         0  memseta.o ABSOLUTE
    ../clib/microlib/string/strlen.c         0x00000000   Number         0  strlen.o ABSOLUTE
    ..\Core\Src\gpio.c                       0x00000000   Number         0  gpio.o ABSOLUTE
    ..\Core\Src\main.c                       0x00000000   Number         0  main.o ABSOLUTE
    ..\Core\Src\stm32l4xx_hal_msp.c          0x00000000   Number         0  stm32l4xx_hal_msp.o ABSOLUTE
    ..\Core\Src\stm32l4xx_it.c               0x00000000   Number         0  stm32l4xx_it.o ABSOLUTE
    ..\Core\Src\system_stm32l4xx.c           0x00000000   Number         0  system_stm32l4xx.o ABSOLUTE
    ..\Drivers\STM32L4xx_HAL_Driver\Src\stm32l4xx_hal.c 0x00000000   Number         0  stm32l4xx_hal.o ABSOLUTE
    ..\Drivers\STM32L4xx_HAL_Driver\Src\stm32l4xx_hal_cortex.c 0x00000000   Number         0  stm32l4xx_hal_cortex.o ABSOLUTE
    ..\Drivers\STM32L4xx_HAL_Driver\Src\stm32l4xx_hal_dma.c 0x00000000   Number         0  stm32l4xx_hal_dma.o ABSOLUTE
    ..\Drivers\STM32L4xx_HAL_Driver\Src\stm32l4xx_hal_dma_ex.c 0x00000000   Number         0  stm32l4xx_hal_dma_ex.o ABSOLUTE
    ..\Drivers\STM32L4xx_HAL_Driver\Src\stm32l4xx_hal_exti.c 0x00000000   Number         0  stm32l4xx_hal_exti.o ABSOLUTE
    ..\Drivers\STM32L4xx_HAL_Driver\Src\stm32l4xx_hal_flash.c 0x00000000   Number         0  stm32l4xx_hal_flash.o ABSOLUTE
    ..\Drivers\STM32L4xx_HAL_Driver\Src\stm32l4xx_hal_flash_ex.c 0x00000000   Number         0  stm32l4xx_hal_flash_ex.o ABSOLUTE
    ..\Drivers\STM32L4xx_HAL_Driver\Src\stm32l4xx_hal_flash_ramfunc.c 0x00000000   Number         0  stm32l4xx_hal_flash_ramfunc.o ABSOLUTE
    ..\Drivers\STM32L4xx_HAL_Driver\Src\stm32l4xx_hal_gpio.c 0x00000000   Number         0  stm32l4xx_hal_gpio.o ABSOLUTE
    ..\Drivers\STM32L4xx_HAL_Driver\Src\stm32l4xx_hal_i2c.c 0x00000000   Number         0  stm32l4xx_hal_i2c.o ABSOLUTE
    ..\Drivers\STM32L4xx_HAL_Driver\Src\stm32l4xx_hal_i2c_ex.c 0x00000000   Number         0  stm32l4xx_hal_i2c_ex.o ABSOLUTE
    ..\Drivers\STM32L4xx_HAL_Driver\Src\stm32l4xx_hal_pcd.c 0x00000000   Number         0  stm32l4xx_hal_pcd.o ABSOLUTE
    ..\Drivers\STM32L4xx_HAL_Driver\Src\stm32l4xx_hal_pcd_ex.c 0x00000000   Number         0  stm32l4xx_hal_pcd_ex.o ABSOLUTE
    ..\Drivers\STM32L4xx_HAL_Driver\Src\stm32l4xx_hal_pwr.c 0x00000000   Number         0  stm32l4xx_hal_pwr.o ABSOLUTE
    ..\Drivers\STM32L4xx_HAL_Driver\Src\stm32l4xx_hal_pwr_ex.c 0x00000000   Number         0  stm32l4xx_hal_pwr_ex.o ABSOLUTE
    ..\Drivers\STM32L4xx_HAL_Driver\Src\stm32l4xx_hal_rcc.c 0x00000000   Number         0  stm32l4xx_hal_rcc.o ABSOLUTE
    ..\Drivers\STM32L4xx_HAL_Driver\Src\stm32l4xx_hal_rcc_ex.c 0x00000000   Number         0  stm32l4xx_hal_rcc_ex.o ABSOLUTE
    ..\Drivers\STM32L4xx_HAL_Driver\Src\stm32l4xx_hal_tim.c 0x00000000   Number         0  stm32l4xx_hal_tim.o ABSOLUTE
    ..\Drivers\STM32L4xx_HAL_Driver\Src\stm32l4xx_hal_tim_ex.c 0x00000000   Number         0  stm32l4xx_hal_tim_ex.o ABSOLUTE
    ..\Drivers\STM32L4xx_HAL_Driver\Src\stm32l4xx_ll_usb.c 0x00000000   Number         0  stm32l4xx_ll_usb.o ABSOLUTE
    ..\FATFS\App\fatfs.c                     0x00000000   Number         0  fatfs.o ABSOLUTE
    ..\FATFS\Target\user_diskio.c            0x00000000   Number         0  user_diskio.o ABSOLUTE
    ..\Middlewares\ST\STM32_USB_Device_Library\Class\HID\Src\usbd_hid.c 0x00000000   Number         0  usbd_hid.o ABSOLUTE
    ..\Middlewares\ST\STM32_USB_Device_Library\Core\Src\usbd_core.c 0x00000000   Number         0  usbd_core.o ABSOLUTE
    ..\Middlewares\ST\STM32_USB_Device_Library\Core\Src\usbd_ctlreq.c 0x00000000   Number         0  usbd_ctlreq.o ABSOLUTE
    ..\Middlewares\ST\STM32_USB_Device_Library\Core\Src\usbd_ioreq.c 0x00000000   Number         0  usbd_ioreq.o ABSOLUTE
    ..\Middlewares\Third_Party\FatFs\src\diskio.c 0x00000000   Number         0  diskio.o ABSOLUTE
    ..\Middlewares\Third_Party\FatFs\src\ff.c 0x00000000   Number         0  ff.o ABSOLUTE
    ..\Middlewares\Third_Party\FatFs\src\ff_gen_drv.c 0x00000000   Number         0  ff_gen_drv.o ABSOLUTE
    ..\Middlewares\Third_Party\FatFs\src\option\syscall.c 0x00000000   Number         0  syscall.o ABSOLUTE
    ..\USB_DEVICE\App\usb_device.c           0x00000000   Number         0  usb_device.o ABSOLUTE
    ..\USB_DEVICE\App\usbd_desc.c            0x00000000   Number         0  usbd_desc.o ABSOLUTE
    ..\USB_DEVICE\Target\usbd_conf.c         0x00000000   Number         0  usbd_conf.o ABSOLUTE
    dc.s                                     0x00000000   Number         0  dc.o ABSOLUTE
    flash.cpp                                0x00000000   Number         0  flash.o ABSOLUTE
    flash.cpp                                0x00000000   Number         0  flash.o ABSOLUTE
    handlers.s                               0x00000000   Number         0  handlers.o ABSOLUTE
    init.s                                   0x00000000   Number         0  init.o ABSOLUTE
    startup_stm32l432xx.s                    0x00000000   Number         0  startup_stm32l432xx.o ABSOLUTE
    RESET                                    0x08000000   Section      396  startup_stm32l432xx.o(RESET)
    .ARM.Collect$$$$00000000                 0x0800018c   Section        0  entry.o(.ARM.Collect$$$$00000000)
    .ARM.Collect$$$$00000001                 0x0800018c   Section        4  entry2.o(.ARM.Collect$$$$00000001)
    .ARM.Collect$$$$00000004                 0x08000190   Section        4  entry5.o(.ARM.Collect$$$$00000004)
    .ARM.Collect$$$$00000008                 0x08000194   Section        0  entry7b.o(.ARM.Collect$$$$00000008)
    .ARM.Collect$$$$0000000A                 0x08000194   Section        0  entry8b.o(.ARM.Collect$$$$0000000A)
    .ARM.Collect$$$$0000000B                 0x08000194   Section        8  entry9a.o(.ARM.Collect$$$$0000000B)
    .ARM.Collect$$$$0000000E                 0x0800019c   Section        4  entry12b.o(.ARM.Collect$$$$0000000E)
    .ARM.Collect$$$$0000000F                 0x080001a0   Section        0  entry10a.o(.ARM.Collect$$$$0000000F)
    .ARM.Collect$$$$00000011                 0x080001a0   Section        0  entry11a.o(.ARM.Collect$$$$00000011)
    .ARM.Collect$$$$00002712                 0x080001a0   Section        4  entry2.o(.ARM.Collect$$$$00002712)
    __lit__00000000                          0x080001a0   Data           4  entry2.o(.ARM.Collect$$$$00002712)
    .text                                    0x080001a4   Section       36  startup_stm32l432xx.o(.text)
    $v0                                      0x080001a4   Number         0  startup_stm32l432xx.o(.text)
    .text                                    0x080001c8   Section        0  memcpya.o(.text)
    .text                                    0x080001ec   Section        0  memseta.o(.text)
    .text                                    0x08000210   Section        0  strlen.o(.text)
    .text                                    0x08000220   Section       36  init.o(.text)
    .text                                    0x08000244   Section        0  __dczerorl2.o(.text)
    i.BusFault_Handler                       0x0800029a   Section        0  stm32l4xx_it.o(i.BusFault_Handler)
    i.DebugMon_Handler                       0x0800029c   Section        0  stm32l4xx_it.o(i.DebugMon_Handler)
    i.Error_Handler                          0x0800029e   Section        0  main.o(i.Error_Handler)
    i.FATFS_LinkDriver                       0x080002a0   Section        0  ff_gen_drv.o(i.FATFS_LinkDriver)
    i.FATFS_LinkDriverEx                     0x080002a8   Section        0  ff_gen_drv.o(i.FATFS_LinkDriverEx)
    i.HAL_Delay                              0x080002e8   Section        0  stm32l4xx_hal.o(i.HAL_Delay)
    i.HAL_GetTick                            0x0800030c   Section        0  stm32l4xx_hal.o(i.HAL_GetTick)
    i.HAL_IncTick                            0x08000318   Section        0  stm32l4xx_hal.o(i.HAL_IncTick)
    i.HAL_Init                               0x08000328   Section        0  stm32l4xx_hal.o(i.HAL_Init)
    i.HAL_InitTick                           0x08000348   Section        0  stm32l4xx_hal.o(i.HAL_InitTick)
    i.HAL_MspInit                            0x0800038c   Section        0  stm32l4xx_hal_msp.o(i.HAL_MspInit)
    i.HAL_NVIC_EnableIRQ                     0x080003b8   Section        0  stm32l4xx_hal_cortex.o(i.HAL_NVIC_EnableIRQ)
    i.HAL_NVIC_SetPriority                   0x080003d4   Section        0  stm32l4xx_hal_cortex.o(i.HAL_NVIC_SetPriority)
    i.HAL_NVIC_SetPriorityGrouping           0x08000414   Section        0  stm32l4xx_hal_cortex.o(i.HAL_NVIC_SetPriorityGrouping)
    i.HAL_PCDEx_ActivateLPM                  0x08000438   Section        0  stm32l4xx_hal_pcd_ex.o(i.HAL_PCDEx_ActivateLPM)
    i.HAL_PCDEx_LPM_Callback                 0x0800045c   Section        0  usbd_conf.o(i.HAL_PCDEx_LPM_Callback)
    i.HAL_PCDEx_PMAConfig                    0x080004a0   Section        0  stm32l4xx_hal_pcd_ex.o(i.HAL_PCDEx_PMAConfig)
    i.HAL_PCD_DataInStageCallback            0x080004dc   Section        0  usbd_conf.o(i.HAL_PCD_DataInStageCallback)
    i.HAL_PCD_DataOutStageCallback           0x080004ee   Section        0  usbd_conf.o(i.HAL_PCD_DataOutStageCallback)
    i.HAL_PCD_EP_Close                       0x08000502   Section        0  stm32l4xx_hal_pcd.o(i.HAL_PCD_EP_Close)
    i.HAL_PCD_EP_ClrStall                    0x0800054e   Section        0  stm32l4xx_hal_pcd.o(i.HAL_PCD_EP_ClrStall)
    i.HAL_PCD_EP_DB_Receive                  0x080005aa   Section        0  stm32l4xx_hal_pcd.o(i.HAL_PCD_EP_DB_Receive)
    HAL_PCD_EP_DB_Receive                    0x080005ab   Thumb Code   220  stm32l4xx_hal_pcd.o(i.HAL_PCD_EP_DB_Receive)
    i.HAL_PCD_EP_DB_Transmit                 0x08000686   Section        0  stm32l4xx_hal_pcd.o(i.HAL_PCD_EP_DB_Transmit)
    HAL_PCD_EP_DB_Transmit                   0x08000687   Thumb Code   564  stm32l4xx_hal_pcd.o(i.HAL_PCD_EP_DB_Transmit)
    i.HAL_PCD_EP_Open                        0x080008ba   Section        0  stm32l4xx_hal_pcd.o(i.HAL_PCD_EP_Open)
    i.HAL_PCD_EP_Receive                     0x0800091a   Section        0  stm32l4xx_hal_pcd.o(i.HAL_PCD_EP_Receive)
    i.HAL_PCD_EP_SetStall                    0x0800094c   Section        0  stm32l4xx_hal_pcd.o(i.HAL_PCD_EP_SetStall)
    i.HAL_PCD_EP_Transmit                    0x080009be   Section        0  stm32l4xx_hal_pcd.o(i.HAL_PCD_EP_Transmit)
    i.HAL_PCD_IRQHandler                     0x080009f2   Section        0  stm32l4xx_hal_pcd.o(i.HAL_PCD_IRQHandler)
    i.HAL_PCD_Init                           0x08000b64   Section        0  stm32l4xx_hal_pcd.o(i.HAL_PCD_Init)
    i.HAL_PCD_MspInit                        0x08000c4c   Section        0  usbd_conf.o(i.HAL_PCD_MspInit)
    i.HAL_PCD_ResetCallback                  0x08000c88   Section        0  usbd_conf.o(i.HAL_PCD_ResetCallback)
    i.HAL_PCD_ResumeCallback                 0x08000cb0   Section        0  usbd_conf.o(i.HAL_PCD_ResumeCallback)
    i.HAL_PCD_SOFCallback                    0x08000cd8   Section        0  usbd_conf.o(i.HAL_PCD_SOFCallback)
    i.HAL_PCD_SetAddress                     0x08000ce0   Section        0  stm32l4xx_hal_pcd.o(i.HAL_PCD_SetAddress)
    i.HAL_PCD_SetupStageCallback             0x08000d08   Section        0  usbd_conf.o(i.HAL_PCD_SetupStageCallback)
    i.HAL_PCD_Start                          0x08000d16   Section        0  stm32l4xx_hal_pcd.o(i.HAL_PCD_Start)
    i.HAL_PCD_SuspendCallback                0x08000d40   Section        0  usbd_conf.o(i.HAL_PCD_SuspendCallback)
    i.HAL_PWREx_ControlVoltageScaling        0x08000d64   Section        0  stm32l4xx_hal_pwr_ex.o(i.HAL_PWREx_ControlVoltageScaling)
    i.HAL_PWREx_EnableVddUSB                 0x08000dcc   Section        0  stm32l4xx_hal_pwr_ex.o(i.HAL_PWREx_EnableVddUSB)
    i.HAL_PWREx_GetVoltageRange              0x08000ddc   Section        0  stm32l4xx_hal_pwr_ex.o(i.HAL_PWREx_GetVoltageRange)
    i.HAL_RCCEx_PeriphCLKConfig              0x08000dec   Section        0  stm32l4xx_hal_rcc_ex.o(i.HAL_RCCEx_PeriphCLKConfig)
    i.HAL_RCC_ClockConfig                    0x08001078   Section        0  stm32l4xx_hal_rcc.o(i.HAL_RCC_ClockConfig)
    i.HAL_RCC_GetSysClockFreq                0x08001198   Section        0  stm32l4xx_hal_rcc.o(i.HAL_RCC_GetSysClockFreq)
    i.HAL_RCC_OscConfig                      0x0800123c   Section        0  stm32l4xx_hal_rcc.o(i.HAL_RCC_OscConfig)
    i.HAL_SYSTICK_Config                     0x080017a8   Section        0  stm32l4xx_hal_cortex.o(i.HAL_SYSTICK_Config)
    i.HardFault_Handler                      0x080017d0   Section        0  stm32l4xx_it.o(i.HardFault_Handler)
    i.IntToUnicode                           0x080017d4   Section        0  usbd_desc.o(i.IntToUnicode)
    IntToUnicode                             0x080017d5   Thumb Code    56  usbd_desc.o(i.IntToUnicode)
    i.MX_FATFS_Init                          0x0800180c   Section        0  fatfs.o(i.MX_FATFS_Init)
    i.MX_GPIO_Init                           0x08001828   Section        0  gpio.o(i.MX_GPIO_Init)
    i.MX_USB_DEVICE_Init                     0x08001844   Section        0  usb_device.o(i.MX_USB_DEVICE_Init)
    i.MemManage_Handler                      0x08001884   Section        0  stm32l4xx_it.o(i.MemManage_Handler)
    i.NMI_Handler                            0x08001886   Section        0  stm32l4xx_it.o(i.NMI_Handler)
    i.PCD_EP_ISR_Handler                     0x08001888   Section        0  stm32l4xx_hal_pcd.o(i.PCD_EP_ISR_Handler)
    PCD_EP_ISR_Handler                       0x08001889   Thumb Code   728  stm32l4xx_hal_pcd.o(i.PCD_EP_ISR_Handler)
    i.PendSV_Handler                         0x08001b66   Section        0  stm32l4xx_it.o(i.PendSV_Handler)
    i.RCCEx_PLLSAI1_Config                   0x08001b68   Section        0  stm32l4xx_hal_rcc_ex.o(i.RCCEx_PLLSAI1_Config)
    RCCEx_PLLSAI1_Config                     0x08001b69   Thumb Code   278  stm32l4xx_hal_rcc_ex.o(i.RCCEx_PLLSAI1_Config)
    i.RCC_SetFlashLatencyFromMSIRange        0x08001c94   Section        0  stm32l4xx_hal_rcc.o(i.RCC_SetFlashLatencyFromMSIRange)
    RCC_SetFlashLatencyFromMSIRange          0x08001c95   Thumb Code   116  stm32l4xx_hal_rcc.o(i.RCC_SetFlashLatencyFromMSIRange)
    i.SVC_Handler                            0x08001d10   Section        0  stm32l4xx_it.o(i.SVC_Handler)
    i.SWAPBYTE                               0x08001d12   Section        0  usbd_ctlreq.o(i.SWAPBYTE)
    SWAPBYTE                                 0x08001d13   Thumb Code    10  usbd_ctlreq.o(i.SWAPBYTE)
    i.SysTick_Handler                        0x08001d1c   Section        0  stm32l4xx_it.o(i.SysTick_Handler)
    i.SystemClock_Config                     0x08001d20   Section        0  main.o(i.SystemClock_Config)
    i.SystemInit                             0x08001da8   Section        0  system_stm32l4xx.o(i.SystemInit)
    i.USBD_ClrClassConfig                    0x08001dec   Section        0  usbd_core.o(i.USBD_ClrClassConfig)
    i.USBD_CtlContinueRx                     0x08001dfc   Section        0  usbd_ioreq.o(i.USBD_CtlContinueRx)
    i.USBD_CtlContinueSendData               0x08001e0c   Section        0  usbd_ioreq.o(i.USBD_CtlContinueSendData)
    i.USBD_CtlError                          0x08001e1c   Section        0  usbd_ctlreq.o(i.USBD_CtlError)
    i.USBD_CtlReceiveStatus                  0x08001e32   Section        0  usbd_ioreq.o(i.USBD_CtlReceiveStatus)
    i.USBD_CtlSendData                       0x08001e48   Section        0  usbd_ioreq.o(i.USBD_CtlSendData)
    i.USBD_CtlSendStatus                     0x08001e62   Section        0  usbd_ioreq.o(i.USBD_CtlSendStatus)
    i.USBD_FS_ConfigStrDescriptor            0x08001e78   Section        0  usbd_desc.o(i.USBD_FS_ConfigStrDescriptor)
    i.USBD_FS_DeviceDescriptor               0x08001e98   Section        0  usbd_desc.o(i.USBD_FS_DeviceDescriptor)
    i.USBD_FS_InterfaceStrDescriptor         0x08001ea4   Section        0  usbd_desc.o(i.USBD_FS_InterfaceStrDescriptor)
    i.USBD_FS_LangIDStrDescriptor            0x08001ec8   Section        0  usbd_desc.o(i.USBD_FS_LangIDStrDescriptor)
    i.USBD_FS_ManufacturerStrDescriptor      0x08001ed4   Section        0  usbd_desc.o(i.USBD_FS_ManufacturerStrDescriptor)
    i.USBD_FS_ProductStrDescriptor           0x08001efc   Section        0  usbd_desc.o(i.USBD_FS_ProductStrDescriptor)
    i.USBD_FS_SerialStrDescriptor            0x08001f28   Section        0  usbd_desc.o(i.USBD_FS_SerialStrDescriptor)
    i.USBD_FS_USR_BOSDescriptor              0x08001f60   Section        0  usbd_desc.o(i.USBD_FS_USR_BOSDescriptor)
    i.USBD_GetDescriptor                     0x08001f6c   Section        0  usbd_ctlreq.o(i.USBD_GetDescriptor)
    USBD_GetDescriptor                       0x08001f6d   Thumb Code   250  usbd_ctlreq.o(i.USBD_GetDescriptor)
    i.USBD_GetString                         0x08002066   Section        0  usbd_ctlreq.o(i.USBD_GetString)
    i.USBD_HID_DataIn                        0x080020ae   Section        0  usbd_hid.o(i.USBD_HID_DataIn)
    USBD_HID_DataIn                          0x080020af   Thumb Code    12  usbd_hid.o(i.USBD_HID_DataIn)
    i.USBD_HID_DeInit                        0x080020ba   Section        0  usbd_hid.o(i.USBD_HID_DeInit)
    USBD_HID_DeInit                          0x080020bb   Thumb Code    34  usbd_hid.o(i.USBD_HID_DeInit)
    i.USBD_HID_GetDeviceQualifierDesc        0x080020dc   Section        0  usbd_hid.o(i.USBD_HID_GetDeviceQualifierDesc)
    USBD_HID_GetDeviceQualifierDesc          0x080020dd   Thumb Code     8  usbd_hid.o(i.USBD_HID_GetDeviceQualifierDesc)
    i.USBD_HID_GetFSCfgDesc                  0x080020e8   Section        0  usbd_hid.o(i.USBD_HID_GetFSCfgDesc)
    USBD_HID_GetFSCfgDesc                    0x080020e9   Thumb Code     8  usbd_hid.o(i.USBD_HID_GetFSCfgDesc)
    i.USBD_HID_GetHSCfgDesc                  0x080020f4   Section        0  usbd_hid.o(i.USBD_HID_GetHSCfgDesc)
    USBD_HID_GetHSCfgDesc                    0x080020f5   Thumb Code     8  usbd_hid.o(i.USBD_HID_GetHSCfgDesc)
    i.USBD_HID_GetOtherSpeedCfgDesc          0x08002100   Section        0  usbd_hid.o(i.USBD_HID_GetOtherSpeedCfgDesc)
    USBD_HID_GetOtherSpeedCfgDesc            0x08002101   Thumb Code     8  usbd_hid.o(i.USBD_HID_GetOtherSpeedCfgDesc)
    i.USBD_HID_Init                          0x0800210c   Section        0  usbd_hid.o(i.USBD_HID_Init)
    USBD_HID_Init                            0x0800210d   Thumb Code    64  usbd_hid.o(i.USBD_HID_Init)
    i.USBD_HID_SendReport                    0x0800214c   Section        0  usbd_hid.o(i.USBD_HID_SendReport)
    i.USBD_HID_Setup                         0x08002170   Section        0  usbd_hid.o(i.USBD_HID_Setup)
    USBD_HID_Setup                           0x08002171   Thumb Code   196  usbd_hid.o(i.USBD_HID_Setup)
    i.USBD_Init                              0x08002238   Section        0  usbd_core.o(i.USBD_Init)
    i.USBD_LL_ClearStallEP                   0x0800225e   Section        0  usbd_conf.o(i.USBD_LL_ClearStallEP)
    i.USBD_LL_CloseEP                        0x0800227e   Section        0  usbd_conf.o(i.USBD_LL_CloseEP)
    i.USBD_LL_DataInStage                    0x0800229e   Section        0  usbd_core.o(i.USBD_LL_DataInStage)
    i.USBD_LL_DataOutStage                   0x08002348   Section        0  usbd_core.o(i.USBD_LL_DataOutStage)
    i.USBD_LL_Init                           0x080023b8   Section        0  usbd_conf.o(i.USBD_LL_Init)
    i.USBD_LL_IsStallEP                      0x08002428   Section        0  usbd_conf.o(i.USBD_LL_IsStallEP)
    i.USBD_LL_OpenEP                         0x08002448   Section        0  usbd_conf.o(i.USBD_LL_OpenEP)
    i.USBD_LL_PrepareReceive                 0x0800246e   Section        0  usbd_conf.o(i.USBD_LL_PrepareReceive)
    i.USBD_LL_Reset                          0x0800248e   Section        0  usbd_core.o(i.USBD_LL_Reset)
    i.USBD_LL_Resume                         0x080024e0   Section        0  usbd_core.o(i.USBD_LL_Resume)
    i.USBD_LL_SOF                            0x080024f4   Section        0  usbd_core.o(i.USBD_LL_SOF)
    i.USBD_LL_SetSpeed                       0x0800250c   Section        0  usbd_core.o(i.USBD_LL_SetSpeed)
    i.USBD_LL_SetUSBAddress                  0x08002512   Section        0  usbd_conf.o(i.USBD_LL_SetUSBAddress)
    i.USBD_LL_SetupStage                     0x08002532   Section        0  usbd_core.o(i.USBD_LL_SetupStage)
    i.USBD_LL_StallEP                        0x08002592   Section        0  usbd_conf.o(i.USBD_LL_StallEP)
    i.USBD_LL_Start                          0x080025b2   Section        0  usbd_conf.o(i.USBD_LL_Start)
    i.USBD_LL_Suspend                        0x080025d2   Section        0  usbd_core.o(i.USBD_LL_Suspend)
    i.USBD_LL_Transmit                       0x080025e4   Section        0  usbd_conf.o(i.USBD_LL_Transmit)
    i.USBD_ParseSetupRequest                 0x08002604   Section        0  usbd_ctlreq.o(i.USBD_ParseSetupRequest)
    i.USBD_RegisterClass                     0x08002630   Section        0  usbd_core.o(i.USBD_RegisterClass)
    i.USBD_SetClassConfig                    0x08002654   Section        0  usbd_core.o(i.USBD_SetClassConfig)
    i.USBD_SetConfig                         0x08002668   Section        0  usbd_ctlreq.o(i.USBD_SetConfig)
    USBD_SetConfig                           0x08002669   Thumb Code   182  usbd_ctlreq.o(i.USBD_SetConfig)
    i.USBD_Start                             0x08002724   Section        0  usbd_core.o(i.USBD_Start)
    i.USBD_StdDevReq                         0x08002728   Section        0  usbd_ctlreq.o(i.USBD_StdDevReq)
    i.USBD_StdEPReq                          0x0800283c   Section        0  usbd_ctlreq.o(i.USBD_StdEPReq)
    i.USBD_StdItfReq                         0x0800297c   Section        0  usbd_ctlreq.o(i.USBD_StdItfReq)
    i.USB_ActivateEndpoint                   0x080029ce   Section        0  stm32l4xx_ll_usb.o(i.USB_ActivateEndpoint)
    i.USB_CoreInit                           0x08002c26   Section        0  stm32l4xx_ll_usb.o(i.USB_CoreInit)
    i.USB_DeactivateEndpoint                 0x08002c2a   Section        0  stm32l4xx_ll_usb.o(i.USB_DeactivateEndpoint)
    i.USB_DevConnect                         0x08002d38   Section        0  stm32l4xx_ll_usb.o(i.USB_DevConnect)
    i.USB_DevDisconnect                      0x08002d46   Section        0  stm32l4xx_ll_usb.o(i.USB_DevDisconnect)
    i.USB_DevInit                            0x08002d54   Section        0  stm32l4xx_ll_usb.o(i.USB_DevInit)
    i.USB_DisableGlobalInt                   0x08002d66   Section        0  stm32l4xx_ll_usb.o(i.USB_DisableGlobalInt)
    i.USB_EP0_OutStart                       0x08002d76   Section        0  stm32l4xx_ll_usb.o(i.USB_EP0_OutStart)
    i.USB_EPClearStall                       0x08002d7a   Section        0  stm32l4xx_ll_usb.o(i.USB_EPClearStall)
    i.USB_EPSetStall                         0x08002df2   Section        0  stm32l4xx_ll_usb.o(i.USB_EPSetStall)
    i.USB_EPStartXfer                        0x08002e24   Section        0  stm32l4xx_ll_usb.o(i.USB_EPStartXfer)
    i.USB_EnableGlobalInt                    0x080032f8   Section        0  stm32l4xx_ll_usb.o(i.USB_EnableGlobalInt)
    i.USB_IRQHandler                         0x0800330c   Section        0  stm32l4xx_it.o(i.USB_IRQHandler)
    i.USB_ReadInterrupts                     0x08003318   Section        0  stm32l4xx_ll_usb.o(i.USB_ReadInterrupts)
    i.USB_ReadPMA                            0x0800331e   Section        0  stm32l4xx_ll_usb.o(i.USB_ReadPMA)
    i.USB_SetCurrentMode                     0x08003346   Section        0  stm32l4xx_ll_usb.o(i.USB_SetCurrentMode)
    i.USB_SetDevAddress                      0x0800334a   Section        0  stm32l4xx_ll_usb.o(i.USB_SetDevAddress)
    i.USB_WritePMA                           0x08003358   Section        0  stm32l4xx_ll_usb.o(i.USB_WritePMA)
    i.USER_initialize                        0x08003380   Section        0  user_diskio.o(i.USER_initialize)
    i.USER_ioctl                             0x08003390   Section        0  user_diskio.o(i.USER_ioctl)
    i.USER_read                              0x08003394   Section        0  user_diskio.o(i.USER_read)
    i.USER_status                            0x08003398   Section        0  user_diskio.o(i.USER_status)
    i.USER_write                             0x080033a8   Section        0  user_diskio.o(i.USER_write)
    i.UsageFault_Handler                     0x080033ac   Section        0  stm32l4xx_it.o(i.UsageFault_Handler)
    i.__NVIC_SetPriority                     0x080033ae   Section        0  stm32l4xx_hal_cortex.o(i.__NVIC_SetPriority)
    __NVIC_SetPriority                       0x080033af   Thumb Code    32  stm32l4xx_hal_cortex.o(i.__NVIC_SetPriority)
    i.__scatterload_copy                     0x080033ce   Section       14  handlers.o(i.__scatterload_copy)
    i.__scatterload_null                     0x080033dc   Section        2  handlers.o(i.__scatterload_null)
    i.__scatterload_zeroinit                 0x080033de   Section       14  handlers.o(i.__scatterload_zeroinit)
    i.closeCommandPrompt                     0x080033ec   Section        0  main.o(i.closeCommandPrompt)
    i.free                                   0x08003410   Section        0  malloc.o(i.free)
    i.keyboard_send_ch                       0x08003460   Section        0  main.o(i.keyboard_send_ch)
    i.keyboard_send_str                      0x080034c0   Section        0  main.o(i.keyboard_send_str)
    i.main                                   0x080034e8   Section        0  main.o(i.main)
    i.malloc                                 0x08003564   Section        0  malloc.o(i.malloc)
    i.openCommandPrompt                      0x080035d0   Section        0  main.o(i.openCommandPrompt)
    .constdata                               0x08003600   Section     3998  main.o(.constdata)
    .constdata                               0x080045a0   Section       64  system_stm32l4xx.o(.constdata)
    .data                                    0x20000000   Section       13  main.o(.data)
    .data                                    0x20000010   Section       12  stm32l4xx_hal.o(.data)
    .data                                    0x2000001c   Section        4  system_stm32l4xx.o(.data)
    .data                                    0x20000020   Section        1  user_diskio.o(.data)
    Stat                                     0x20000020   Data           1  user_diskio.o(.data)
    .data                                    0x20000024   Section       20  user_diskio.o(.data)
    .data                                    0x20000038   Section        5  fatfs.o(.data)
    .data                                    0x20000040   Section       32  usbd_desc.o(.data)
    .data                                    0x20000060   Section       62  usbd_desc.o(.data)
    .data                                    0x2000009e   Section        1  usbd_ctlreq.o(.data)
    cfgidx                                   0x2000009e   Data           1  usbd_ctlreq.o(.data)
    .data                                    0x200000a0   Section       56  usbd_hid.o(.data)
    .data                                    0x200000d8   Section      210  usbd_hid.o(.data)
    USBD_HID_CfgFSDesc                       0x200000d8   Data          34  usbd_hid.o(.data)
    USBD_HID_CfgHSDesc                       0x200000fc   Data          34  usbd_hid.o(.data)
    USBD_HID_OtherSpeedCfgDesc               0x20000120   Data          34  usbd_hid.o(.data)
    USBD_HID_Desc                            0x20000144   Data           9  usbd_hid.o(.data)
    USBD_HID_DeviceQualifierDesc             0x20000150   Data          10  usbd_hid.o(.data)
    HID_CUSTOM_ReportDesc                    0x2000015c   Data          78  usbd_hid.o(.data)
    .data                                    0x200001ac   Section        4  mvars.o(.data)
    .data                                    0x200001b0   Section        4  mvars.o(.data)
    .bss                                     0x200001b4   Section      720  main.o(.bss)
    .bss                                     0x20000484   Section       12  ff_gen_drv.o(.bss)
    .bss                                     0x20000490   Section      512  usbd_desc.o(.bss)
    .bss                                     0x20000690   Section      776  usbd_conf.o(.bss)
    mem                                      0x20000690   Data          20  usbd_conf.o(.bss)
    HEAP                                     0x20000998   Section      512  startup_stm32l432xx.o(HEAP)
    STACK                                    0x20000b98   Section     1024  startup_stm32l432xx.o(STACK)

    Global Symbols

    Symbol Name                              Value     Ov Type        Size  Object(Section)

    BuildAttributes$$THM_ISAv4$E$P$D$K$B$S$7EM$VFPi3$EXTD16$VFPS$VFMA$PE$A:L22UL41UL21$X:L11$S22US41US21$IEEE1$IW$USESV6$~STKCKD$USESV7$~SHL$OSPACE$EBA8$MICROLIB$REQ8$PRES8$EABIv2 0x00000000   Number         0  anon$$obj.o ABSOLUTE
    __ARM_use_no_argv                        0x00000000   Number         0  main.o ABSOLUTE
    __arm_fini_                               - Undefined Weak Reference
    __cpp_initialize__aeabi_                  - Undefined Weak Reference
    __cxa_finalize                            - Undefined Weak Reference
    _clock_init                               - Undefined Weak Reference
    _microlib_exit                            - Undefined Weak Reference
    __Vectors_Size                           0x0000018c   Number         0  startup_stm32l432xx.o ABSOLUTE
    __Vectors                                0x08000000   Data           4  startup_stm32l432xx.o(RESET)
    __Vectors_End                            0x0800018c   Data           0  startup_stm32l432xx.o(RESET)
    __main                                   0x0800018d   Thumb Code     0  entry.o(.ARM.Collect$$$$00000000)
    _main_stk                                0x0800018d   Thumb Code     0  entry2.o(.ARM.Collect$$$$00000001)
    _main_scatterload                        0x08000191   Thumb Code     0  entry5.o(.ARM.Collect$$$$00000004)
    __main_after_scatterload                 0x08000195   Thumb Code     0  entry5.o(.ARM.Collect$$$$00000004)
    _main_clock                              0x08000195   Thumb Code     0  entry7b.o(.ARM.Collect$$$$00000008)
    _main_cpp_init                           0x08000195   Thumb Code     0  entry8b.o(.ARM.Collect$$$$0000000A)
    _main_init                               0x08000195   Thumb Code     0  entry9a.o(.ARM.Collect$$$$0000000B)
    __rt_lib_shutdown_fini                   0x0800019d   Thumb Code     0  entry12b.o(.ARM.Collect$$$$0000000E)
    __rt_final_cpp                           0x080001a1   Thumb Code     0  entry10a.o(.ARM.Collect$$$$0000000F)
    __rt_final_exit                          0x080001a1   Thumb Code     0  entry11a.o(.ARM.Collect$$$$00000011)
    Reset_Handler                            0x080001a5   Thumb Code     8  startup_stm32l432xx.o(.text)
    ADC1_IRQHandler                          0x080001bf   Thumb Code     0  startup_stm32l432xx.o(.text)
    CAN1_RX0_IRQHandler                      0x080001bf   Thumb Code     0  startup_stm32l432xx.o(.text)
    CAN1_RX1_IRQHandler                      0x080001bf   Thumb Code     0  startup_stm32l432xx.o(.text)
    CAN1_SCE_IRQHandler                      0x080001bf   Thumb Code     0  startup_stm32l432xx.o(.text)
    CAN1_TX_IRQHandler                       0x080001bf   Thumb Code     0  startup_stm32l432xx.o(.text)
    COMP_IRQHandler                          0x080001bf   Thumb Code     0  startup_stm32l432xx.o(.text)
    CRS_IRQHandler                           0x080001bf   Thumb Code     0  startup_stm32l432xx.o(.text)
    DMA1_Channel1_IRQHandler                 0x080001bf   Thumb Code     0  startup_stm32l432xx.o(.text)
    DMA1_Channel2_IRQHandler                 0x080001bf   Thumb Code     0  startup_stm32l432xx.o(.text)
    DMA1_Channel3_IRQHandler                 0x080001bf   Thumb Code     0  startup_stm32l432xx.o(.text)
    DMA1_Channel4_IRQHandler                 0x080001bf   Thumb Code     0  startup_stm32l432xx.o(.text)
    DMA1_Channel5_IRQHandler                 0x080001bf   Thumb Code     0  startup_stm32l432xx.o(.text)
    DMA1_Channel6_IRQHandler                 0x080001bf   Thumb Code     0  startup_stm32l432xx.o(.text)
    DMA1_Channel7_IRQHandler                 0x080001bf   Thumb Code     0  startup_stm32l432xx.o(.text)
    DMA2_Channel1_IRQHandler                 0x080001bf   Thumb Code     0  startup_stm32l432xx.o(.text)
    DMA2_Channel2_IRQHandler                 0x080001bf   Thumb Code     0  startup_stm32l432xx.o(.text)
    DMA2_Channel3_IRQHandler                 0x080001bf   Thumb Code     0  startup_stm32l432xx.o(.text)
    DMA2_Channel4_IRQHandler                 0x080001bf   Thumb Code     0  startup_stm32l432xx.o(.text)
    DMA2_Channel5_IRQHandler                 0x080001bf   Thumb Code     0  startup_stm32l432xx.o(.text)
    DMA2_Channel6_IRQHandler                 0x080001bf   Thumb Code     0  startup_stm32l432xx.o(.text)
    DMA2_Channel7_IRQHandler                 0x080001bf   Thumb Code     0  startup_stm32l432xx.o(.text)
    EXTI0_IRQHandler                         0x080001bf   Thumb Code     0  startup_stm32l432xx.o(.text)
    EXTI15_10_IRQHandler                     0x080001bf   Thumb Code     0  startup_stm32l432xx.o(.text)
    EXTI1_IRQHandler                         0x080001bf   Thumb Code     0  startup_stm32l432xx.o(.text)
    EXTI2_IRQHandler                         0x080001bf   Thumb Code     0  startup_stm32l432xx.o(.text)
    EXTI3_IRQHandler                         0x080001bf   Thumb Code     0  startup_stm32l432xx.o(.text)
    EXTI4_IRQHandler                         0x080001bf   Thumb Code     0  startup_stm32l432xx.o(.text)
    EXTI9_5_IRQHandler                       0x080001bf   Thumb Code     0  startup_stm32l432xx.o(.text)
    FLASH_IRQHandler                         0x080001bf   Thumb Code     0  startup_stm32l432xx.o(.text)
    FPU_IRQHandler                           0x080001bf   Thumb Code     0  startup_stm32l432xx.o(.text)
    I2C1_ER_IRQHandler                       0x080001bf   Thumb Code     0  startup_stm32l432xx.o(.text)
    I2C1_EV_IRQHandler                       0x080001bf   Thumb Code     0  startup_stm32l432xx.o(.text)
    I2C3_ER_IRQHandler                       0x080001bf   Thumb Code     0  startup_stm32l432xx.o(.text)
    I2C3_EV_IRQHandler                       0x080001bf   Thumb Code     0  startup_stm32l432xx.o(.text)
    LPTIM1_IRQHandler                        0x080001bf   Thumb Code     0  startup_stm32l432xx.o(.text)
    LPTIM2_IRQHandler                        0x080001bf   Thumb Code     0  startup_stm32l432xx.o(.text)
    LPUART1_IRQHandler                       0x080001bf   Thumb Code     0  startup_stm32l432xx.o(.text)
    PVD_PVM_IRQHandler                       0x080001bf   Thumb Code     0  startup_stm32l432xx.o(.text)
    QUADSPI_IRQHandler                       0x080001bf   Thumb Code     0  startup_stm32l432xx.o(.text)
    RCC_IRQHandler                           0x080001bf   Thumb Code     0  startup_stm32l432xx.o(.text)
    RNG_IRQHandler                           0x080001bf   Thumb Code     0  startup_stm32l432xx.o(.text)
    RTC_Alarm_IRQHandler                     0x080001bf   Thumb Code     0  startup_stm32l432xx.o(.text)
    RTC_WKUP_IRQHandler                      0x080001bf   Thumb Code     0  startup_stm32l432xx.o(.text)
    SAI1_IRQHandler                          0x080001bf   Thumb Code     0  startup_stm32l432xx.o(.text)
    SPI1_IRQHandler                          0x080001bf   Thumb Code     0  startup_stm32l432xx.o(.text)
    SPI3_IRQHandler                          0x080001bf   Thumb Code     0  startup_stm32l432xx.o(.text)
    SWPMI1_IRQHandler                        0x080001bf   Thumb Code     0  startup_stm32l432xx.o(.text)
    TAMP_STAMP_IRQHandler                    0x080001bf   Thumb Code     0  startup_stm32l432xx.o(.text)
    TIM1_BRK_TIM15_IRQHandler                0x080001bf   Thumb Code     0  startup_stm32l432xx.o(.text)
    TIM1_CC_IRQHandler                       0x080001bf   Thumb Code     0  startup_stm32l432xx.o(.text)
    TIM1_TRG_COM_IRQHandler                  0x080001bf   Thumb Code     0  startup_stm32l432xx.o(.text)
    TIM1_UP_TIM16_IRQHandler                 0x080001bf   Thumb Code     0  startup_stm32l432xx.o(.text)
    TIM2_IRQHandler                          0x080001bf   Thumb Code     0  startup_stm32l432xx.o(.text)
    TIM6_DAC_IRQHandler                      0x080001bf   Thumb Code     0  startup_stm32l432xx.o(.text)
    TIM7_IRQHandler                          0x080001bf   Thumb Code     0  startup_stm32l432xx.o(.text)
    TSC_IRQHandler                           0x080001bf   Thumb Code     0  startup_stm32l432xx.o(.text)
    USART1_IRQHandler                        0x080001bf   Thumb Code     0  startup_stm32l432xx.o(.text)
    USART2_IRQHandler                        0x080001bf   Thumb Code     0  startup_stm32l432xx.o(.text)
    WWDG_IRQHandler                          0x080001bf   Thumb Code     0  startup_stm32l432xx.o(.text)
    __aeabi_memcpy                           0x080001c9   Thumb Code    36  memcpya.o(.text)
    __aeabi_memcpy4                          0x080001c9   Thumb Code     0  memcpya.o(.text)
    __aeabi_memcpy8                          0x080001c9   Thumb Code     0  memcpya.o(.text)
    __aeabi_memset                           0x080001ed   Thumb Code    14  memseta.o(.text)
    __aeabi_memset4                          0x080001ed   Thumb Code     0  memseta.o(.text)
    __aeabi_memset8                          0x080001ed   Thumb Code     0  memseta.o(.text)
    __aeabi_memclr                           0x080001fb   Thumb Code     4  memseta.o(.text)
    __aeabi_memclr4                          0x080001fb   Thumb Code     0  memseta.o(.text)
    __aeabi_memclr8                          0x080001fb   Thumb Code     0  memseta.o(.text)
    _memset$wrapper                          0x080001ff   Thumb Code    18  memseta.o(.text)
    strlen                                   0x08000211   Thumb Code    14  strlen.o(.text)
    __scatterload                            0x08000221   Thumb Code    28  init.o(.text)
    __scatterload_rt2                        0x08000221   Thumb Code     0  init.o(.text)
    __decompress                             0x08000245   Thumb Code     0  __dczerorl2.o(.text)
    __decompress1                            0x08000245   Thumb Code    86  __dczerorl2.o(.text)
    BusFault_Handler                         0x0800029b   Thumb Code     2  stm32l4xx_it.o(i.BusFault_Handler)
    DebugMon_Handler                         0x0800029d   Thumb Code     2  stm32l4xx_it.o(i.DebugMon_Handler)
    Error_Handler                            0x0800029f   Thumb Code     2  main.o(i.Error_Handler)
    FATFS_LinkDriver                         0x080002a1   Thumb Code     6  ff_gen_drv.o(i.FATFS_LinkDriver)
    FATFS_LinkDriverEx                       0x080002a9   Thumb Code    58  ff_gen_drv.o(i.FATFS_LinkDriverEx)
    HAL_Delay                                0x080002e9   Thumb Code    32  stm32l4xx_hal.o(i.HAL_Delay)
    HAL_GetTick                              0x0800030d   Thumb Code     6  stm32l4xx_hal.o(i.HAL_GetTick)
    HAL_IncTick                              0x08000319   Thumb Code    12  stm32l4xx_hal.o(i.HAL_IncTick)
    HAL_Init                                 0x08000329   Thumb Code    30  stm32l4xx_hal.o(i.HAL_Init)
    HAL_InitTick                             0x08000349   Thumb Code    58  stm32l4xx_hal.o(i.HAL_InitTick)
    HAL_MspInit                              0x0800038d   Thumb Code    38  stm32l4xx_hal_msp.o(i.HAL_MspInit)
    HAL_NVIC_EnableIRQ                       0x080003b9   Thumb Code    26  stm32l4xx_hal_cortex.o(i.HAL_NVIC_EnableIRQ)
    HAL_NVIC_SetPriority                     0x080003d5   Thumb Code    60  stm32l4xx_hal_cortex.o(i.HAL_NVIC_SetPriority)
    HAL_NVIC_SetPriorityGrouping             0x08000415   Thumb Code    26  stm32l4xx_hal_cortex.o(i.HAL_NVIC_SetPriorityGrouping)
    HAL_PCDEx_ActivateLPM                    0x08000439   Thumb Code    36  stm32l4xx_hal_pcd_ex.o(i.HAL_PCDEx_ActivateLPM)
    HAL_PCDEx_LPM_Callback                   0x0800045d   Thumb Code    64  usbd_conf.o(i.HAL_PCDEx_LPM_Callback)
    HAL_PCDEx_PMAConfig                      0x080004a1   Thumb Code    60  stm32l4xx_hal_pcd_ex.o(i.HAL_PCDEx_PMAConfig)
    HAL_PCD_DataInStageCallback              0x080004dd   Thumb Code    18  usbd_conf.o(i.HAL_PCD_DataInStageCallback)
    HAL_PCD_DataOutStageCallback             0x080004ef   Thumb Code    20  usbd_conf.o(i.HAL_PCD_DataOutStageCallback)
    HAL_PCD_EP_Close                         0x08000503   Thumb Code    76  stm32l4xx_hal_pcd.o(i.HAL_PCD_EP_Close)
    HAL_PCD_EP_ClrStall                      0x0800054f   Thumb Code    92  stm32l4xx_hal_pcd.o(i.HAL_PCD_EP_ClrStall)
    HAL_PCD_EP_Open                          0x080008bb   Thumb Code    96  stm32l4xx_hal_pcd.o(i.HAL_PCD_EP_Open)
    HAL_PCD_EP_Receive                       0x0800091b   Thumb Code    50  stm32l4xx_hal_pcd.o(i.HAL_PCD_EP_Receive)
    HAL_PCD_EP_SetStall                      0x0800094d   Thumb Code   114  stm32l4xx_hal_pcd.o(i.HAL_PCD_EP_SetStall)
    HAL_PCD_EP_Transmit                      0x080009bf   Thumb Code    52  stm32l4xx_hal_pcd.o(i.HAL_PCD_EP_Transmit)
    HAL_PCD_IRQHandler                       0x080009f3   Thumb Code   368  stm32l4xx_hal_pcd.o(i.HAL_PCD_IRQHandler)
    HAL_PCD_Init                             0x08000b65   Thumb Code   230  stm32l4xx_hal_pcd.o(i.HAL_PCD_Init)
    HAL_PCD_MspInit                          0x08000c4d   Thumb Code    50  usbd_conf.o(i.HAL_PCD_MspInit)
    HAL_PCD_ResetCallback                    0x08000c89   Thumb Code    38  usbd_conf.o(i.HAL_PCD_ResetCallback)
    HAL_PCD_ResumeCallback                   0x08000cb1   Thumb Code    34  usbd_conf.o(i.HAL_PCD_ResumeCallback)
    HAL_PCD_SOFCallback                      0x08000cd9   Thumb Code     8  usbd_conf.o(i.HAL_PCD_SOFCallback)
    HAL_PCD_SetAddress                       0x08000ce1   Thumb Code    40  stm32l4xx_hal_pcd.o(i.HAL_PCD_SetAddress)
    HAL_PCD_SetupStageCallback               0x08000d09   Thumb Code    14  usbd_conf.o(i.HAL_PCD_SetupStageCallback)
    HAL_PCD_Start                            0x08000d17   Thumb Code    42  stm32l4xx_hal_pcd.o(i.HAL_PCD_Start)
    HAL_PCD_SuspendCallback                  0x08000d41   Thumb Code    30  usbd_conf.o(i.HAL_PCD_SuspendCallback)
    HAL_PWREx_ControlVoltageScaling          0x08000d65   Thumb Code    90  stm32l4xx_hal_pwr_ex.o(i.HAL_PWREx_ControlVoltageScaling)
    HAL_PWREx_EnableVddUSB                   0x08000dcd   Thumb Code    12  stm32l4xx_hal_pwr_ex.o(i.HAL_PWREx_EnableVddUSB)
    HAL_PWREx_GetVoltageRange                0x08000ddd   Thumb Code    10  stm32l4xx_hal_pwr_ex.o(i.HAL_PWREx_GetVoltageRange)
    HAL_RCCEx_PeriphCLKConfig                0x08000ded   Thumb Code   634  stm32l4xx_hal_rcc_ex.o(i.HAL_RCCEx_PeriphCLKConfig)
    HAL_RCC_ClockConfig                      0x08001079   Thumb Code   266  stm32l4xx_hal_rcc.o(i.HAL_RCC_ClockConfig)
    HAL_RCC_GetSysClockFreq                  0x08001199   Thumb Code   150  stm32l4xx_hal_rcc.o(i.HAL_RCC_GetSysClockFreq)
    HAL_RCC_OscConfig                        0x0800123d   Thumb Code  1382  stm32l4xx_hal_rcc.o(i.HAL_RCC_OscConfig)
    HAL_SYSTICK_Config                       0x080017a9   Thumb Code    40  stm32l4xx_hal_cortex.o(i.HAL_SYSTICK_Config)
    HardFault_Handler                        0x080017d1   Thumb Code     2  stm32l4xx_it.o(i.HardFault_Handler)
    MX_FATFS_Init                            0x0800180d   Thumb Code    18  fatfs.o(i.MX_FATFS_Init)
    MX_GPIO_Init                             0x08001829   Thumb Code    22  gpio.o(i.MX_GPIO_Init)
    MX_USB_DEVICE_Init                       0x08001845   Thumb Code    52  usb_device.o(i.MX_USB_DEVICE_Init)
    MemManage_Handler                        0x08001885   Thumb Code     2  stm32l4xx_it.o(i.MemManage_Handler)
    NMI_Handler                              0x08001887   Thumb Code     2  stm32l4xx_it.o(i.NMI_Handler)
    PendSV_Handler                           0x08001b67   Thumb Code     2  stm32l4xx_it.o(i.PendSV_Handler)
    SVC_Handler                              0x08001d11   Thumb Code     2  stm32l4xx_it.o(i.SVC_Handler)
    SysTick_Handler                          0x08001d1d   Thumb Code     4  stm32l4xx_it.o(i.SysTick_Handler)
    SystemClock_Config                       0x08001d21   Thumb Code   134  main.o(i.SystemClock_Config)
    SystemInit                               0x08001da9   Thumb Code    56  system_stm32l4xx.o(i.SystemInit)
    USBD_ClrClassConfig                      0x08001ded   Thumb Code    16  usbd_core.o(i.USBD_ClrClassConfig)
    USBD_CtlContinueRx                       0x08001dfd   Thumb Code    16  usbd_ioreq.o(i.USBD_CtlContinueRx)
    USBD_CtlContinueSendData                 0x08001e0d   Thumb Code    16  usbd_ioreq.o(i.USBD_CtlContinueSendData)
    USBD_CtlError                            0x08001e1d   Thumb Code    22  usbd_ctlreq.o(i.USBD_CtlError)
    USBD_CtlReceiveStatus                    0x08001e33   Thumb Code    22  usbd_ioreq.o(i.USBD_CtlReceiveStatus)
    USBD_CtlSendData                         0x08001e49   Thumb Code    26  usbd_ioreq.o(i.USBD_CtlSendData)
    USBD_CtlSendStatus                       0x08001e63   Thumb Code    22  usbd_ioreq.o(i.USBD_CtlSendStatus)
    USBD_FS_ConfigStrDescriptor              0x08001e79   Thumb Code    16  usbd_desc.o(i.USBD_FS_ConfigStrDescriptor)
    USBD_FS_DeviceDescriptor                 0x08001e99   Thumb Code     8  usbd_desc.o(i.USBD_FS_DeviceDescriptor)
    USBD_FS_InterfaceStrDescriptor           0x08001ea5   Thumb Code    16  usbd_desc.o(i.USBD_FS_InterfaceStrDescriptor)
    USBD_FS_LangIDStrDescriptor              0x08001ec9   Thumb Code     8  usbd_desc.o(i.USBD_FS_LangIDStrDescriptor)
    USBD_FS_ManufacturerStrDescriptor        0x08001ed5   Thumb Code    16  usbd_desc.o(i.USBD_FS_ManufacturerStrDescriptor)
    USBD_FS_ProductStrDescriptor             0x08001efd   Thumb Code    16  usbd_desc.o(i.USBD_FS_ProductStrDescriptor)
    USBD_FS_SerialStrDescriptor              0x08001f29   Thumb Code    48  usbd_desc.o(i.USBD_FS_SerialStrDescriptor)
    USBD_FS_USR_BOSDescriptor                0x08001f61   Thumb Code     8  usbd_desc.o(i.USBD_FS_USR_BOSDescriptor)
    USBD_GetString                           0x08002067   Thumb Code    72  usbd_ctlreq.o(i.USBD_GetString)
    USBD_HID_SendReport                      0x0800214d   Thumb Code    36  usbd_hid.o(i.USBD_HID_SendReport)
    USBD_Init                                0x08002239   Thumb Code    38  usbd_core.o(i.USBD_Init)
    USBD_LL_ClearStallEP                     0x0800225f   Thumb Code    32  usbd_conf.o(i.USBD_LL_ClearStallEP)
    USBD_LL_CloseEP                          0x0800227f   Thumb Code    32  usbd_conf.o(i.USBD_LL_CloseEP)
    USBD_LL_DataInStage                      0x0800229f   Thumb Code   170  usbd_core.o(i.USBD_LL_DataInStage)
    USBD_LL_DataOutStage                     0x08002349   Thumb Code   110  usbd_core.o(i.USBD_LL_DataOutStage)
    USBD_LL_Init                             0x080023b9   Thumb Code   102  usbd_conf.o(i.USBD_LL_Init)
    USBD_LL_IsStallEP                        0x08002429   Thumb Code    32  usbd_conf.o(i.USBD_LL_IsStallEP)
    USBD_LL_OpenEP                           0x08002449   Thumb Code    38  usbd_conf.o(i.USBD_LL_OpenEP)
    USBD_LL_PrepareReceive                   0x0800246f   Thumb Code    32  usbd_conf.o(i.USBD_LL_PrepareReceive)
    USBD_LL_Reset                            0x0800248f   Thumb Code    82  usbd_core.o(i.USBD_LL_Reset)
    USBD_LL_Resume                           0x080024e1   Thumb Code    20  usbd_core.o(i.USBD_LL_Resume)
    USBD_LL_SOF                              0x080024f5   Thumb Code    24  usbd_core.o(i.USBD_LL_SOF)
    USBD_LL_SetSpeed                         0x0800250d   Thumb Code     6  usbd_core.o(i.USBD_LL_SetSpeed)
    USBD_LL_SetUSBAddress                    0x08002513   Thumb Code    32  usbd_conf.o(i.USBD_LL_SetUSBAddress)
    USBD_LL_SetupStage                       0x08002533   Thumb Code    96  usbd_core.o(i.USBD_LL_SetupStage)
    USBD_LL_StallEP                          0x08002593   Thumb Code    32  usbd_conf.o(i.USBD_LL_StallEP)
    USBD_LL_Start                            0x080025b3   Thumb Code    32  usbd_conf.o(i.USBD_LL_Start)
    USBD_LL_Suspend                          0x080025d3   Thumb Code    18  usbd_core.o(i.USBD_LL_Suspend)
    USBD_LL_Transmit                         0x080025e5   Thumb Code    32  usbd_conf.o(i.USBD_LL_Transmit)
    USBD_ParseSetupRequest                   0x08002605   Thumb Code    44  usbd_ctlreq.o(i.USBD_ParseSetupRequest)
    USBD_RegisterClass                       0x08002631   Thumb Code    36  usbd_core.o(i.USBD_RegisterClass)
    USBD_SetClassConfig                      0x08002655   Thumb Code    20  usbd_core.o(i.USBD_SetClassConfig)
    USBD_Start                               0x08002725   Thumb Code     4  usbd_core.o(i.USBD_Start)
    USBD_StdDevReq                           0x08002729   Thumb Code   276  usbd_ctlreq.o(i.USBD_StdDevReq)
    USBD_StdEPReq                            0x0800283d   Thumb Code   320  usbd_ctlreq.o(i.USBD_StdEPReq)
    USBD_StdItfReq                           0x0800297d   Thumb Code    82  usbd_ctlreq.o(i.USBD_StdItfReq)
    USB_ActivateEndpoint                     0x080029cf   Thumb Code   600  stm32l4xx_ll_usb.o(i.USB_ActivateEndpoint)
    USB_CoreInit                             0x08002c27   Thumb Code     4  stm32l4xx_ll_usb.o(i.USB_CoreInit)
    USB_DeactivateEndpoint                   0x08002c2b   Thumb Code   270  stm32l4xx_ll_usb.o(i.USB_DeactivateEndpoint)
    USB_DevConnect                           0x08002d39   Thumb Code    14  stm32l4xx_ll_usb.o(i.USB_DevConnect)
    USB_DevDisconnect                        0x08002d47   Thumb Code    14  stm32l4xx_ll_usb.o(i.USB_DevDisconnect)
    USB_DevInit                              0x08002d55   Thumb Code    18  stm32l4xx_ll_usb.o(i.USB_DevInit)
    USB_DisableGlobalInt                     0x08002d67   Thumb Code    16  stm32l4xx_ll_usb.o(i.USB_DisableGlobalInt)
    USB_EP0_OutStart                         0x08002d77   Thumb Code     4  stm32l4xx_ll_usb.o(i.USB_EP0_OutStart)
    USB_EPClearStall                         0x08002d7b   Thumb Code   120  stm32l4xx_ll_usb.o(i.USB_EPClearStall)
    USB_EPSetStall                           0x08002df3   Thumb Code    50  stm32l4xx_ll_usb.o(i.USB_EPSetStall)
    USB_EPStartXfer                          0x08002e25   Thumb Code  1230  stm32l4xx_ll_usb.o(i.USB_EPStartXfer)
    USB_EnableGlobalInt                      0x080032f9   Thumb Code    18  stm32l4xx_ll_usb.o(i.USB_EnableGlobalInt)
    USB_IRQHandler                           0x0800330d   Thumb Code     6  stm32l4xx_it.o(i.USB_IRQHandler)
    USB_ReadInterrupts                       0x08003319   Thumb Code     6  stm32l4xx_ll_usb.o(i.USB_ReadInterrupts)
    USB_ReadPMA                              0x0800331f   Thumb Code    40  stm32l4xx_ll_usb.o(i.USB_ReadPMA)
    USB_SetCurrentMode                       0x08003347   Thumb Code     4  stm32l4xx_ll_usb.o(i.USB_SetCurrentMode)
    USB_SetDevAddress                        0x0800334b   Thumb Code    12  stm32l4xx_ll_usb.o(i.USB_SetDevAddress)
    USB_WritePMA                             0x08003359   Thumb Code    38  stm32l4xx_ll_usb.o(i.USB_WritePMA)
    USER_initialize                          0x08003381   Thumb Code    10  user_diskio.o(i.USER_initialize)
    USER_ioctl                               0x08003391   Thumb Code     4  user_diskio.o(i.USER_ioctl)
    USER_read                                0x08003395   Thumb Code     4  user_diskio.o(i.USER_read)
    USER_status                              0x08003399   Thumb Code    10  user_diskio.o(i.USER_status)
    USER_write                               0x080033a9   Thumb Code     4  user_diskio.o(i.USER_write)
    UsageFault_Handler                       0x080033ad   Thumb Code     2  stm32l4xx_it.o(i.UsageFault_Handler)
    __scatterload_copy                       0x080033cf   Thumb Code    14  handlers.o(i.__scatterload_copy)
    __scatterload_null                       0x080033dd   Thumb Code     2  handlers.o(i.__scatterload_null)
    __scatterload_zeroinit                   0x080033df   Thumb Code    14  handlers.o(i.__scatterload_zeroinit)
    closeCommandPrompt                       0x080033ed   Thumb Code    28  main.o(i.closeCommandPrompt)
    free                                     0x08003411   Thumb Code    76  malloc.o(i.free)
    keyboard_send_ch                         0x08003461   Thumb Code    82  main.o(i.keyboard_send_ch)
    keyboard_send_str                        0x080034c1   Thumb Code    38  main.o(i.keyboard_send_str)
    main                                     0x080034e9   Thumb Code   116  main.o(i.main)
    malloc                                   0x08003565   Thumb Code    92  malloc.o(i.malloc)
    openCommandPrompt                        0x080035d1   Thumb Code    44  main.o(i.openCommandPrompt)
    _asciimap                                0x08003600   Data         128  main.o(.constdata)
    commands_WIN                             0x08003680   Data        3840  main.o(.constdata)
    modifiers_WIN                            0x08004580   Data          30  main.o(.constdata)
    AHBPrescTable                            0x080045a0   Data          16  system_stm32l4xx.o(.constdata)
    MSIRangeTable                            0x080045b0   Data          48  system_stm32l4xx.o(.constdata)
    Region$$Table$$Base                      0x080045e0   Number         0  anon$$obj.o(Region$$Table)
    Region$$Table$$Limit                     0x08004600   Number         0  anon$$obj.o(Region$$Table)
    mediaHID                                 0x20000000   Data           2  main.o(.data)
    scan_cvt                                 0x20000004   Data           4  main.o(.data)
    kbd_report                               0x20000008   Data           5  main.o(.data)
    uwTickFreq                               0x20000010   Data           1  stm32l4xx_hal.o(.data)
    uwTickPrio                               0x20000014   Data           4  stm32l4xx_hal.o(.data)
    uwTick                                   0x20000018   Data           4  stm32l4xx_hal.o(.data)
    SystemCoreClock                          0x2000001c   Data           4  system_stm32l4xx.o(.data)
    USER_Driver                              0x20000024   Data          20  user_diskio.o(.data)
    retUSER                                  0x20000038   Data           1  fatfs.o(.data)
    USERPath                                 0x20000039   Data           4  fatfs.o(.data)
    FS_Desc                                  0x20000040   Data          32  usbd_desc.o(.data)
    USBD_LangIDDesc                          0x20000060   Data           4  usbd_desc.o(.data)
    USBD_FS_DeviceDesc                       0x20000064   Data          18  usbd_desc.o(.data)
    USBD_FS_BOSDesc                          0x20000078   Data          12  usbd_desc.o(.data)
    USBD_StringSerial                        0x20000084   Data          26  usbd_desc.o(.data)
    USBD_HID                                 0x200000a0   Data          56  usbd_hid.o(.data)
    __microlib_freelist                      0x200001ac   Data           4  mvars.o(.data)
    __microlib_freelist_initialised          0x200001b0   Data           4  mvars.o(.data)
    hUsbDeviceFS                             0x200001b4   Data         720  main.o(.bss)
    disk                                     0x20000484   Data          12  ff_gen_drv.o(.bss)
    USBD_StrDesc                             0x20000490   Data         512  usbd_desc.o(.bss)
    hpcd_USB_FS                              0x200006a4   Data         756  usbd_conf.o(.bss)
    __heap_base                              0x20000998   Data           0  startup_stm32l432xx.o(HEAP)
    __heap_limit                             0x20000b98   Data           0  startup_stm32l432xx.o(HEAP)
    __initial_sp                             0x20000f98   Data           0  startup_stm32l432xx.o(STACK)



==============================================================================

Memory Map of the image

  Image Entry point : 0x0800018d

  Load Region LR_IROM1 (Base: 0x08000000, Size: 0x000047b4, Max: 0x00040000, ABSOLUTE, COMPRESSED[0x000046fc])

    Execution Region ER_IROM1 (Exec base: 0x08000000, Load base: 0x08000000, Size: 0x00004600, Max: 0x00040000, ABSOLUTE)

    Exec Addr    Load Addr    Size         Type   Attr      Idx    E Section Name        Object

    0x08000000   0x08000000   0x0000018c   Data   RO            3    RESET               startup_stm32l432xx.o
    0x0800018c   0x0800018c   0x00000000   Code   RO         4256  * .ARM.Collect$$$$00000000  mc_w.l(entry.o)
    0x0800018c   0x0800018c   0x00000004   Code   RO         4295    .ARM.Collect$$$$00000001  mc_w.l(entry2.o)
    0x08000190   0x08000190   0x00000004   Code   RO         4298    .ARM.Collect$$$$00000004  mc_w.l(entry5.o)
    0x08000194   0x08000194   0x00000000   Code   RO         4300    .ARM.Collect$$$$00000008  mc_w.l(entry7b.o)
    0x08000194   0x08000194   0x00000000   Code   RO         4302    .ARM.Collect$$$$0000000A  mc_w.l(entry8b.o)
    0x08000194   0x08000194   0x00000008   Code   RO         4303    .ARM.Collect$$$$0000000B  mc_w.l(entry9a.o)
    0x0800019c   0x0800019c   0x00000004   Code   RO         4310    .ARM.Collect$$$$0000000E  mc_w.l(entry12b.o)
    0x080001a0   0x080001a0   0x00000000   Code   RO         4305    .ARM.Collect$$$$0000000F  mc_w.l(entry10a.o)
    0x080001a0   0x080001a0   0x00000000   Code   RO         4307    .ARM.Collect$$$$00000011  mc_w.l(entry11a.o)
    0x080001a0   0x080001a0   0x00000004   Code   RO         4296    .ARM.Collect$$$$00002712  mc_w.l(entry2.o)
    0x080001a4   0x080001a4   0x00000024   Code   RO            4    .text               startup_stm32l432xx.o
    0x080001c8   0x080001c8   0x00000024   Code   RO         4259    .text               mc_w.l(memcpya.o)
    0x080001ec   0x080001ec   0x00000024   Code   RO         4261    .text               mc_w.l(memseta.o)
    0x08000210   0x08000210   0x0000000e   Code   RO         4263    .text               mc_w.l(strlen.o)
    0x0800021e   0x0800021e   0x00000002   PAD
    0x08000220   0x08000220   0x00000024   Code   RO         4313    .text               mc_w.l(init.o)
    0x08000244   0x08000244   0x00000056   Code   RO         4323    .text               mc_w.l(__dczerorl2.o)
    0x0800029a   0x0800029a   0x00000002   Code   RO          260    i.BusFault_Handler  stm32l4xx_it.o
    0x0800029c   0x0800029c   0x00000002   Code   RO          261    i.DebugMon_Handler  stm32l4xx_it.o
    0x0800029e   0x0800029e   0x00000002   Code   RO           13    i.Error_Handler     main.o
    0x080002a0   0x080002a0   0x00000006   Code   RO         3344    i.FATFS_LinkDriver  ff_gen_drv.o
    0x080002a6   0x080002a6   0x00000002   PAD
    0x080002a8   0x080002a8   0x00000040   Code   RO         3345    i.FATFS_LinkDriverEx  ff_gen_drv.o
    0x080002e8   0x080002e8   0x00000024   Code   RO          862    i.HAL_Delay         stm32l4xx_hal.o
    0x0800030c   0x0800030c   0x0000000c   Code   RO          866    i.HAL_GetTick       stm32l4xx_hal.o
    0x08000318   0x08000318   0x00000010   Code   RO          872    i.HAL_IncTick       stm32l4xx_hal.o
    0x08000328   0x08000328   0x0000001e   Code   RO          873    i.HAL_Init          stm32l4xx_hal.o
    0x08000346   0x08000346   0x00000002   PAD
    0x08000348   0x08000348   0x00000044   Code   RO          874    i.HAL_InitTick      stm32l4xx_hal.o
    0x0800038c   0x0800038c   0x0000002c   Code   RO          342    i.HAL_MspInit       stm32l4xx_hal_msp.o
    0x080003b8   0x080003b8   0x0000001a   Code   RO         2582    i.HAL_NVIC_EnableIRQ  stm32l4xx_hal_cortex.o
    0x080003d2   0x080003d2   0x00000002   PAD
    0x080003d4   0x080003d4   0x00000040   Code   RO         2588    i.HAL_NVIC_SetPriority  stm32l4xx_hal_cortex.o
    0x08000414   0x08000414   0x00000024   Code   RO         2589    i.HAL_NVIC_SetPriorityGrouping  stm32l4xx_hal_cortex.o
    0x08000438   0x08000438   0x00000024   Code   RO          592    i.HAL_PCDEx_ActivateLPM  stm32l4xx_hal_pcd_ex.o
    0x0800045c   0x0800045c   0x00000044   Code   RO         3704    i.HAL_PCDEx_LPM_Callback  usbd_conf.o
    0x080004a0   0x080004a0   0x0000003c   Code   RO          598    i.HAL_PCDEx_PMAConfig  stm32l4xx_hal_pcd_ex.o
    0x080004dc   0x080004dc   0x00000012   Code   RO         3706    i.HAL_PCD_DataInStageCallback  usbd_conf.o
    0x080004ee   0x080004ee   0x00000014   Code   RO         3707    i.HAL_PCD_DataOutStageCallback  usbd_conf.o
    0x08000502   0x08000502   0x0000004c   Code   RO          375    i.HAL_PCD_EP_Close  stm32l4xx_hal_pcd.o
    0x0800054e   0x0800054e   0x0000005c   Code   RO          376    i.HAL_PCD_EP_ClrStall  stm32l4xx_hal_pcd.o
    0x080005aa   0x080005aa   0x000000dc   Code   RO          377    i.HAL_PCD_EP_DB_Receive  stm32l4xx_hal_pcd.o
    0x08000686   0x08000686   0x00000234   Code   RO          378    i.HAL_PCD_EP_DB_Transmit  stm32l4xx_hal_pcd.o
    0x080008ba   0x080008ba   0x00000060   Code   RO          381    i.HAL_PCD_EP_Open   stm32l4xx_hal_pcd.o
    0x0800091a   0x0800091a   0x00000032   Code   RO          382    i.HAL_PCD_EP_Receive  stm32l4xx_hal_pcd.o
    0x0800094c   0x0800094c   0x00000072   Code   RO          383    i.HAL_PCD_EP_SetStall  stm32l4xx_hal_pcd.o
    0x080009be   0x080009be   0x00000034   Code   RO          384    i.HAL_PCD_EP_Transmit  stm32l4xx_hal_pcd.o
    0x080009f2   0x080009f2   0x00000170   Code   RO          386    i.HAL_PCD_IRQHandler  stm32l4xx_hal_pcd.o
    0x08000b62   0x08000b62   0x00000002   PAD
    0x08000b64   0x08000b64   0x000000e6   Code   RO          389    i.HAL_PCD_Init      stm32l4xx_hal_pcd.o
    0x08000c4a   0x08000c4a   0x00000002   PAD
    0x08000c4c   0x08000c4c   0x0000003c   Code   RO         3712    i.HAL_PCD_MspInit   usbd_conf.o
    0x08000c88   0x08000c88   0x00000026   Code   RO         3713    i.HAL_PCD_ResetCallback  usbd_conf.o
    0x08000cae   0x08000cae   0x00000002   PAD
    0x08000cb0   0x08000cb0   0x00000028   Code   RO         3714    i.HAL_PCD_ResumeCallback  usbd_conf.o
    0x08000cd8   0x08000cd8   0x00000008   Code   RO         3715    i.HAL_PCD_SOFCallback  usbd_conf.o
    0x08000ce0   0x08000ce0   0x00000028   Code   RO          395    i.HAL_PCD_SetAddress  stm32l4xx_hal_pcd.o
    0x08000d08   0x08000d08   0x0000000e   Code   RO         3716    i.HAL_PCD_SetupStageCallback  usbd_conf.o
    0x08000d16   0x08000d16   0x0000002a   Code   RO          397    i.HAL_PCD_Start     stm32l4xx_hal_pcd.o
    0x08000d40   0x08000d40   0x00000024   Code   RO         3717    i.HAL_PCD_SuspendCallback  usbd_conf.o
    0x08000d64   0x08000d64   0x00000068   Code   RO         2356    i.HAL_PWREx_ControlVoltageScaling  stm32l4xx_hal_pwr_ex.o
    0x08000dcc   0x08000dcc   0x00000010   Code   RO         2378    i.HAL_PWREx_EnableVddUSB  stm32l4xx_hal_pwr_ex.o
    0x08000ddc   0x08000ddc   0x00000010   Code   RO         2383    i.HAL_PWREx_GetVoltageRange  stm32l4xx_hal_pwr_ex.o
    0x08000dec   0x08000dec   0x0000028a   Code   RO         1698    i.HAL_RCCEx_PeriphCLKConfig  stm32l4xx_hal_rcc_ex.o
    0x08001076   0x08001076   0x00000002   PAD
    0x08001078   0x08001078   0x00000120   Code   RO         1576    i.HAL_RCC_ClockConfig  stm32l4xx_hal_rcc.o
    0x08001198   0x08001198   0x000000a4   Code   RO         1584    i.HAL_RCC_GetSysClockFreq  stm32l4xx_hal_rcc.o
    0x0800123c   0x0800123c   0x0000056c   Code   RO         1587    i.HAL_RCC_OscConfig  stm32l4xx_hal_rcc.o
    0x080017a8   0x080017a8   0x00000028   Code   RO         2593    i.HAL_SYSTICK_Config  stm32l4xx_hal_cortex.o
    0x080017d0   0x080017d0   0x00000002   Code   RO          262    i.HardFault_Handler  stm32l4xx_it.o
    0x080017d2   0x080017d2   0x00000002   PAD
    0x080017d4   0x080017d4   0x00000038   Code   RO         3612    i.IntToUnicode      usbd_desc.o
    0x0800180c   0x0800180c   0x0000001c   Code   RO         2919    i.MX_FATFS_Init     fatfs.o
    0x08001828   0x08001828   0x0000001c   Code   RO          236    i.MX_GPIO_Init      gpio.o
    0x08001844   0x08001844   0x00000040   Code   RO         3583    i.MX_USB_DEVICE_Init  usb_device.o
    0x08001884   0x08001884   0x00000002   Code   RO          263    i.MemManage_Handler  stm32l4xx_it.o
    0x08001886   0x08001886   0x00000002   Code   RO          264    i.NMI_Handler       stm32l4xx_it.o
    0x08001888   0x08001888   0x000002de   Code   RO          400    i.PCD_EP_ISR_Handler  stm32l4xx_hal_pcd.o
    0x08001b66   0x08001b66   0x00000002   Code   RO          265    i.PendSV_Handler    stm32l4xx_it.o
    0x08001b68   0x08001b68   0x0000012c   Code   RO         1702    i.RCCEx_PLLSAI1_Config  stm32l4xx_hal_rcc_ex.o
    0x08001c94   0x08001c94   0x0000007c   Code   RO         1588    i.RCC_SetFlashLatencyFromMSIRange  stm32l4xx_hal_rcc.o
    0x08001d10   0x08001d10   0x00000002   Code   RO          266    i.SVC_Handler       stm32l4xx_it.o
    0x08001d12   0x08001d12   0x0000000a   Code   RO         4049    i.SWAPBYTE          usbd_ctlreq.o
    0x08001d1c   0x08001d1c   0x00000004   Code   RO          267    i.SysTick_Handler   stm32l4xx_it.o
    0x08001d20   0x08001d20   0x00000086   Code   RO           14    i.SystemClock_Config  main.o
    0x08001da6   0x08001da6   0x00000002   PAD
    0x08001da8   0x08001da8   0x00000044   Code   RO         2821    i.SystemInit        system_stm32l4xx.o
    0x08001dec   0x08001dec   0x00000010   Code   RO         3911    i.USBD_ClrClassConfig  usbd_core.o
    0x08001dfc   0x08001dfc   0x00000010   Code   RO         4122    i.USBD_CtlContinueRx  usbd_ioreq.o
    0x08001e0c   0x08001e0c   0x00000010   Code   RO         4123    i.USBD_CtlContinueSendData  usbd_ioreq.o
    0x08001e1c   0x08001e1c   0x00000016   Code   RO         4050    i.USBD_CtlError     usbd_ctlreq.o
    0x08001e32   0x08001e32   0x00000016   Code   RO         4125    i.USBD_CtlReceiveStatus  usbd_ioreq.o
    0x08001e48   0x08001e48   0x0000001a   Code   RO         4126    i.USBD_CtlSendData  usbd_ioreq.o
    0x08001e62   0x08001e62   0x00000016   Code   RO         4127    i.USBD_CtlSendStatus  usbd_ioreq.o
    0x08001e78   0x08001e78   0x00000020   Code   RO         3613    i.USBD_FS_ConfigStrDescriptor  usbd_desc.o
    0x08001e98   0x08001e98   0x0000000c   Code   RO         3614    i.USBD_FS_DeviceDescriptor  usbd_desc.o
    0x08001ea4   0x08001ea4   0x00000024   Code   RO         3615    i.USBD_FS_InterfaceStrDescriptor  usbd_desc.o
    0x08001ec8   0x08001ec8   0x0000000c   Code   RO         3616    i.USBD_FS_LangIDStrDescriptor  usbd_desc.o
    0x08001ed4   0x08001ed4   0x00000028   Code   RO         3617    i.USBD_FS_ManufacturerStrDescriptor  usbd_desc.o
    0x08001efc   0x08001efc   0x0000002c   Code   RO         3618    i.USBD_FS_ProductStrDescriptor  usbd_desc.o
    0x08001f28   0x08001f28   0x00000038   Code   RO         3619    i.USBD_FS_SerialStrDescriptor  usbd_desc.o
    0x08001f60   0x08001f60   0x0000000c   Code   RO         3620    i.USBD_FS_USR_BOSDescriptor  usbd_desc.o
    0x08001f6c   0x08001f6c   0x000000fa   Code   RO         4051    i.USBD_GetDescriptor  usbd_ctlreq.o
    0x08002066   0x08002066   0x00000048   Code   RO         4052    i.USBD_GetString    usbd_ctlreq.o
    0x080020ae   0x080020ae   0x0000000c   Code   RO         4182    i.USBD_HID_DataIn   usbd_hid.o
    0x080020ba   0x080020ba   0x00000022   Code   RO         4183    i.USBD_HID_DeInit   usbd_hid.o
    0x080020dc   0x080020dc   0x0000000c   Code   RO         4184    i.USBD_HID_GetDeviceQualifierDesc  usbd_hid.o
    0x080020e8   0x080020e8   0x0000000c   Code   RO         4185    i.USBD_HID_GetFSCfgDesc  usbd_hid.o
    0x080020f4   0x080020f4   0x0000000c   Code   RO         4186    i.USBD_HID_GetHSCfgDesc  usbd_hid.o
    0x08002100   0x08002100   0x0000000c   Code   RO         4187    i.USBD_HID_GetOtherSpeedCfgDesc  usbd_hid.o
    0x0800210c   0x0800210c   0x00000040   Code   RO         4189    i.USBD_HID_Init     usbd_hid.o
    0x0800214c   0x0800214c   0x00000024   Code   RO         4190    i.USBD_HID_SendReport  usbd_hid.o
    0x08002170   0x08002170   0x000000c8   Code   RO         4191    i.USBD_HID_Setup    usbd_hid.o
    0x08002238   0x08002238   0x00000026   Code   RO         3913    i.USBD_Init         usbd_core.o
    0x0800225e   0x0800225e   0x00000020   Code   RO         3718    i.USBD_LL_ClearStallEP  usbd_conf.o
    0x0800227e   0x0800227e   0x00000020   Code   RO         3719    i.USBD_LL_CloseEP   usbd_conf.o
    0x0800229e   0x0800229e   0x000000aa   Code   RO         3914    i.USBD_LL_DataInStage  usbd_core.o
    0x08002348   0x08002348   0x0000006e   Code   RO         3915    i.USBD_LL_DataOutStage  usbd_core.o
    0x080023b6   0x080023b6   0x00000002   PAD
    0x080023b8   0x080023b8   0x00000070   Code   RO         3724    i.USBD_LL_Init      usbd_conf.o
    0x08002428   0x08002428   0x00000020   Code   RO         3725    i.USBD_LL_IsStallEP  usbd_conf.o
    0x08002448   0x08002448   0x00000026   Code   RO         3726    i.USBD_LL_OpenEP    usbd_conf.o
    0x0800246e   0x0800246e   0x00000020   Code   RO         3727    i.USBD_LL_PrepareReceive  usbd_conf.o
    0x0800248e   0x0800248e   0x00000052   Code   RO         3920    i.USBD_LL_Reset     usbd_core.o
    0x080024e0   0x080024e0   0x00000014   Code   RO         3921    i.USBD_LL_Resume    usbd_core.o
    0x080024f4   0x080024f4   0x00000018   Code   RO         3922    i.USBD_LL_SOF       usbd_core.o
    0x0800250c   0x0800250c   0x00000006   Code   RO         3923    i.USBD_LL_SetSpeed  usbd_core.o
    0x08002512   0x08002512   0x00000020   Code   RO         3728    i.USBD_LL_SetUSBAddress  usbd_conf.o
    0x08002532   0x08002532   0x00000060   Code   RO         3924    i.USBD_LL_SetupStage  usbd_core.o
    0x08002592   0x08002592   0x00000020   Code   RO         3729    i.USBD_LL_StallEP   usbd_conf.o
    0x080025b2   0x080025b2   0x00000020   Code   RO         3730    i.USBD_LL_Start     usbd_conf.o
    0x080025d2   0x080025d2   0x00000012   Code   RO         3925    i.USBD_LL_Suspend   usbd_core.o
    0x080025e4   0x080025e4   0x00000020   Code   RO         3732    i.USBD_LL_Transmit  usbd_conf.o
    0x08002604   0x08002604   0x0000002c   Code   RO         4053    i.USBD_ParseSetupRequest  usbd_ctlreq.o
    0x08002630   0x08002630   0x00000024   Code   RO         3926    i.USBD_RegisterClass  usbd_core.o
    0x08002654   0x08002654   0x00000014   Code   RO         3928    i.USBD_SetClassConfig  usbd_core.o
    0x08002668   0x08002668   0x000000bc   Code   RO         4054    i.USBD_SetConfig    usbd_ctlreq.o
    0x08002724   0x08002724   0x00000004   Code   RO         3929    i.USBD_Start        usbd_core.o
    0x08002728   0x08002728   0x00000114   Code   RO         4055    i.USBD_StdDevReq    usbd_ctlreq.o
    0x0800283c   0x0800283c   0x00000140   Code   RO         4056    i.USBD_StdEPReq     usbd_ctlreq.o
    0x0800297c   0x0800297c   0x00000052   Code   RO         4057    i.USBD_StdItfReq    usbd_ctlreq.o
    0x080029ce   0x080029ce   0x00000258   Code   RO          657    i.USB_ActivateEndpoint  stm32l4xx_ll_usb.o
    0x08002c26   0x08002c26   0x00000004   Code   RO          660    i.USB_CoreInit      stm32l4xx_ll_usb.o
    0x08002c2a   0x08002c2a   0x0000010e   Code   RO          662    i.USB_DeactivateEndpoint  stm32l4xx_ll_usb.o
    0x08002d38   0x08002d38   0x0000000e   Code   RO          663    i.USB_DevConnect    stm32l4xx_ll_usb.o
    0x08002d46   0x08002d46   0x0000000e   Code   RO          664    i.USB_DevDisconnect  stm32l4xx_ll_usb.o
    0x08002d54   0x08002d54   0x00000012   Code   RO          665    i.USB_DevInit       stm32l4xx_ll_usb.o
    0x08002d66   0x08002d66   0x00000010   Code   RO          666    i.USB_DisableGlobalInt  stm32l4xx_ll_usb.o
    0x08002d76   0x08002d76   0x00000004   Code   RO          667    i.USB_EP0_OutStart  stm32l4xx_ll_usb.o
    0x08002d7a   0x08002d7a   0x00000078   Code   RO          668    i.USB_EPClearStall  stm32l4xx_ll_usb.o
    0x08002df2   0x08002df2   0x00000032   Code   RO          669    i.USB_EPSetStall    stm32l4xx_ll_usb.o
    0x08002e24   0x08002e24   0x000004d4   Code   RO          670    i.USB_EPStartXfer   stm32l4xx_ll_usb.o
    0x080032f8   0x080032f8   0x00000012   Code   RO          671    i.USB_EnableGlobalInt  stm32l4xx_ll_usb.o
    0x0800330a   0x0800330a   0x00000002   PAD
    0x0800330c   0x0800330c   0x0000000c   Code   RO          268    i.USB_IRQHandler    stm32l4xx_it.o
    0x08003318   0x08003318   0x00000006   Code   RO          678    i.USB_ReadInterrupts  stm32l4xx_ll_usb.o
    0x0800331e   0x0800331e   0x00000028   Code   RO          679    i.USB_ReadPMA       stm32l4xx_ll_usb.o
    0x08003346   0x08003346   0x00000004   Code   RO          681    i.USB_SetCurrentMode  stm32l4xx_ll_usb.o
    0x0800334a   0x0800334a   0x0000000c   Code   RO          682    i.USB_SetDevAddress  stm32l4xx_ll_usb.o
    0x08003356   0x08003356   0x00000002   PAD
    0x08003358   0x08003358   0x00000026   Code   RO          685    i.USB_WritePMA      stm32l4xx_ll_usb.o
    0x0800337e   0x0800337e   0x00000002   PAD
    0x08003380   0x08003380   0x00000010   Code   RO         2858    i.USER_initialize   user_diskio.o
    0x08003390   0x08003390   0x00000004   Code   RO         2859    i.USER_ioctl        user_diskio.o
    0x08003394   0x08003394   0x00000004   Code   RO         2860    i.USER_read         user_diskio.o
    0x08003398   0x08003398   0x00000010   Code   RO         2861    i.USER_status       user_diskio.o
    0x080033a8   0x080033a8   0x00000004   Code   RO         2862    i.USER_write        user_diskio.o
    0x080033ac   0x080033ac   0x00000002   Code   RO          269    i.UsageFault_Handler  stm32l4xx_it.o
    0x080033ae   0x080033ae   0x00000020   Code   RO         2595    i.__NVIC_SetPriority  stm32l4xx_hal_cortex.o
    0x080033ce   0x080033ce   0x0000000e   Code   RO         4317    i.__scatterload_copy  mc_w.l(handlers.o)
    0x080033dc   0x080033dc   0x00000002   Code   RO         4318    i.__scatterload_null  mc_w.l(handlers.o)
    0x080033de   0x080033de   0x0000000e   Code   RO         4319    i.__scatterload_zeroinit  mc_w.l(handlers.o)
    0x080033ec   0x080033ec   0x00000024   Code   RO           15    i.closeCommandPrompt  main.o
    0x08003410   0x08003410   0x00000050   Code   RO         4267    i.free              mc_w.l(malloc.o)
    0x08003460   0x08003460   0x00000060   Code   RO           16    i.keyboard_send_ch  main.o
    0x080034c0   0x080034c0   0x00000026   Code   RO           17    i.keyboard_send_str  main.o
    0x080034e6   0x080034e6   0x00000002   PAD
    0x080034e8   0x080034e8   0x0000007c   Code   RO           18    i.main              main.o
    0x08003564   0x08003564   0x0000006c   Code   RO         4268    i.malloc            mc_w.l(malloc.o)
    0x080035d0   0x080035d0   0x00000030   Code   RO           19    i.openCommandPrompt  main.o
    0x08003600   0x08003600   0x00000f9e   Data   RO           21    .constdata          main.o
    0x0800459e   0x0800459e   0x00000002   PAD
    0x080045a0   0x080045a0   0x00000040   Data   RO         2822    .constdata          system_stm32l4xx.o
    0x080045e0   0x080045e0   0x00000020   Data   RO         4315    Region$$Table       anon$$obj.o


    Execution Region RW_IRAM1 (Exec base: 0x20000000, Load base: 0x08004600, Size: 0x00000f98, Max: 0x00010000, ABSOLUTE, COMPRESSED[0x000000fc])

    Exec Addr    Load Addr    Size         Type   Attr      Idx    E Section Name        Object

    0x20000000   COMPRESSED   0x0000000d   Data   RW           22    .data               main.o
    0x2000000d   COMPRESSED   0x00000003   PAD
    0x20000010   COMPRESSED   0x0000000c   Data   RW          885    .data               stm32l4xx_hal.o
    0x2000001c   COMPRESSED   0x00000004   Data   RW         2824    .data               system_stm32l4xx.o
    0x20000020   COMPRESSED   0x00000001   Data   RW         2863    .data               user_diskio.o
    0x20000021   COMPRESSED   0x00000003   PAD
    0x20000024   COMPRESSED   0x00000014   Data   RW         2864    .data               user_diskio.o
    0x20000038   COMPRESSED   0x00000005   Data   RW         2923    .data               fatfs.o
    0x2000003d   COMPRESSED   0x00000003   PAD
    0x20000040   COMPRESSED   0x00000020   Data   RW         3622    .data               usbd_desc.o
    0x20000060   COMPRESSED   0x0000003e   Data   RW         3623    .data               usbd_desc.o
    0x2000009e   COMPRESSED   0x00000001   Data   RW         4058    .data               usbd_ctlreq.o
    0x2000009f   COMPRESSED   0x00000001   PAD
    0x200000a0   COMPRESSED   0x00000038   Data   RW         4192    .data               usbd_hid.o
    0x200000d8   COMPRESSED   0x000000d2   Data   RW         4193    .data               usbd_hid.o
    0x200001aa   COMPRESSED   0x00000002   PAD
    0x200001ac   COMPRESSED   0x00000004   Data   RW         4311    .data               mc_w.l(mvars.o)
    0x200001b0   COMPRESSED   0x00000004   Data   RW         4312    .data               mc_w.l(mvars.o)
    0x200001b4        -       0x000002d0   Zero   RW           20    .bss                main.o
    0x20000484        -       0x0000000c   Zero   RW         3348    .bss                ff_gen_drv.o
    0x20000490        -       0x00000200   Zero   RW         3621    .bss                usbd_desc.o
    0x20000690        -       0x00000308   Zero   RW         3735    .bss                usbd_conf.o
    0x20000998        -       0x00000200   Zero   RW            2    HEAP                startup_stm32l432xx.o
    0x20000b98        -       0x00000400   Zero   RW            1    STACK               startup_stm32l432xx.o


==============================================================================

Image component sizes


      Code (inc. data)   RO Data    RW Data    ZI Data      Debug   Object Name

        28         10          0          5          0       1102   fatfs.o
        70          6          0          0         12       1671   ff_gen_drv.o
        28          6          0          0          0        791   gpio.o
       478         34       3998         13        720     615361   main.o
        36          8        396          0       1536        848   startup_stm32l432xx.o
       162         24          0         12          0      11685   stm32l4xx_hal.o
       198         14          0          0          0      33935   stm32l4xx_hal_cortex.o
        44          6          0          0          0        878   stm32l4xx_hal_msp.o
      2678          0          0          0          0      13137   stm32l4xx_hal_pcd.o
        96          0          0          0          0       1988   stm32l4xx_hal_pcd_ex.o
       136         24          0          0          0       1951   stm32l4xx_hal_pwr_ex.o
      1964         74          0          0          0       5866   stm32l4xx_hal_rcc.o
       950         32          0          0          0       2932   stm32l4xx_hal_rcc_ex.o
        32          6          0          0          0       4759   stm32l4xx_it.o
      2464          0          0          0          0      16927   stm32l4xx_ll_usb.o
        68         12         64          4          0       1273   system_stm32l4xx.o
        64         12          0          0          0        581   usb_device.o
       708         36          0          0        776      14008   usbd_conf.o
       640          0          0          0          0      10047   usbd_core.o
      1264         22          0          1          0      14208   usbd_ctlreq.o
       300        108          0         94        512       6957   usbd_desc.o
       394         20          0        266          0       8257   usbd_hid.o
       102          0          0          0          0       3880   usbd_ioreq.o
        44         12          0         21          0       3368   user_diskio.o

    ----------------------------------------------------------------------
     12976        466       4492        428       3556     776410   Object Totals
         0          0         32          0          0          0   (incl. Generated)
        28          0          2         12          0          0   (incl. Padding)

    ----------------------------------------------------------------------

      Code (inc. data)   RO Data    RW Data    ZI Data      Debug   Library Member Name

        86          0          0          0          0          0   __dczerorl2.o
         0          0          0          0          0          0   entry.o
         0          0          0          0          0          0   entry10a.o
         0          0          0          0          0          0   entry11a.o
         4          0          0          0          0          0   entry12b.o
         8          4          0          0          0          0   entry2.o
         4          0          0          0          0          0   entry5.o
         0          0          0          0          0          0   entry7b.o
         0          0          0          0          0          0   entry8b.o
         8          4          0          0          0          0   entry9a.o
        30          0          0          0          0          0   handlers.o
        36          8          0          0          0         68   init.o
       188         20          0          0          0        160   malloc.o
        36          0          0          0          0         68   memcpya.o
        36          0          0          0          0        108   memseta.o
         0          0          0          8          0          0   mvars.o
        14          0          0          0          0         68   strlen.o

    ----------------------------------------------------------------------
       452         36          0          8          0        472   Library Totals
         2          0          0          0          0          0   (incl. Padding)

    ----------------------------------------------------------------------

      Code (inc. data)   RO Data    RW Data    ZI Data      Debug   Library Name

       450         36          0          8          0        472   mc_w.l

    ----------------------------------------------------------------------
       452         36          0          8          0        472   Library Totals

    ----------------------------------------------------------------------

==============================================================================


      Code (inc. data)   RO Data    RW Data    ZI Data      Debug   

     13428        502       4492        436       3556     763410   Grand Totals
     13428        502       4492        252       3556     763410   ELF Image Totals (compressed)
     13428        502       4492        252          0          0   ROM Totals

==============================================================================

    Total RO  Size (Code + RO Data)                17920 (  17.50kB)
    Total RW  Size (RW Data + ZI Data)              3992 (   3.90kB)
    Total ROM Size (Code + RO Data + RW Data)      18172 (  17.75kB)

==============================================================================

